<html>
<body>
<pre>
<h1>µVision Build Log</h1>
<h2>Project:</h2>
D:\Sean\Documents\Keil\EE319KwareSpring2018\Lab10 GAME\AirKatz.uvproj
Project File Date:  05/02/2018

<h2>Output:</h2>
Rebuild target 'AirKatz'
assembling Startup.s...
compiling ADC.c...
compiling DAC.c...
compiling PLL.c...
compiling Sound.c...
compiling ST7735.c...
assembling LCD.s...
assembling Print.s...
compiling Switch.c...
compiling Timer0.c...
compiling AirKatz.c...
compiling Buffer.c...
assembling random.s...
compiling UART.c...
linking...
Program Size: Code=13280 RO-data=112300 RW-data=100 ZI-data=23644  
".\AirKatz.axf" - 0 Error(s), 0 Warning(s).
Load "D:\\Sean\\Documents\\Keil\\EE319KwareSpring2018\\Lab10 GAME\\AirKatz.axf" 
Connecting: Mode=JTAG, Speed=1000000Hz
Erase Done.
Programming Done.
Verify OK.
 else if(Player.hp == 3) Buffer_Menu(118,130,(const uint8_t*) &three[0],7,4);
AirKatz.c: 0 warnings, 3 errors
compiling Buffer.c...
assembling random.s...
compiling UART.c...
".\AirKatz.axf" - 3 Error(s), 0 Warning(s).
Target not created
