ARM Linker, 5.03 [Build 76] [MDK-ARM Professional]

==============================================================================

Section Cross References

    startup.o(STACK) refers (Special) to heapauxi.o(.text) for __use_two_region_memory
    startup.o(HEAP) refers (Special) to heapauxi.o(.text) for __use_two_region_memory
    startup.o(RESET) refers (Special) to heapauxi.o(.text) for __use_two_region_memory
    startup.o(RESET) refers to startup.o(STACK) for StackMem
    startup.o(RESET) refers to airkatz.o(i.SysTick_Handler) for SysTick_Handler
    startup.o(RESET) refers to switch.o(i.GPIOPortE_Handler) for GPIOPortE_Handler
    startup.o(RESET) refers to uart.o(i.UART1_Handler) for UART1_Handler
    startup.o(RESET) refers to timer0.o(i.Timer0A_Handler) for Timer0A_Handler
    startup.o(RESET) refers to __main.o(!!!main) for __main
    startup.o(.text) refers (Special) to heapauxi.o(.text) for __use_two_region_memory
    startup.o(.text) refers to startup.o(HEAP) for HeapMem
    startup.o(.text) refers to startup.o(STACK) for StackMem
    sound.o(i.Sound_Damage) refers to timer0.o(i.Timer0A_SetSound) for Timer0A_SetSound
    sound.o(i.Sound_Damage) refers to sound.o(.constdata) for damage
    sound.o(i.Sound_Death) refers to timer0.o(i.Timer0A_SetSound) for Timer0A_SetSound
    sound.o(i.Sound_Death) refers to sound.o(.constdata) for death
    sound.o(i.Sound_Init) refers to dac.o(i.DAC_Init) for DAC_Init
    sound.o(i.Sound_Init) refers to timer0.o(i.Timer0_Init) for Timer0_Init
    sound.o(i.Sound_Laser) refers to timer0.o(i.Timer0A_SetSound) for Timer0A_SetSound
    sound.o(i.Sound_Laser) refers to sound.o(.constdata) for laser
    sound.o(i.Sound_Shoot) refers to timer0.o(i.Timer0A_SetSound) for Timer0A_SetSound
    sound.o(i.Sound_Shoot) refers to sound.o(.constdata) for shoot
    sound.o(i.Sound_Win) refers to timer0.o(i.Timer0A_SetSound) for Timer0A_SetSound
    sound.o(i.Sound_Win) refers to sound.o(.constdata) for win
    st7735.o(i.Output_Clear) refers to st7735.o(i.ST7735_FillScreen) for ST7735_FillScreen
    st7735.o(i.Output_Color) refers to st7735.o(i.ST7735_SetTextColor) for ST7735_SetTextColor
    st7735.o(i.Output_Init) refers to st7735.o(i.ST7735_InitR) for ST7735_InitR
    st7735.o(i.Output_Init) refers to st7735.o(i.ST7735_FillScreen) for ST7735_FillScreen
    st7735.o(i.Output_Off) refers to st7735.o(i.Output_Clear) for Output_Clear
    st7735.o(i.Output_On) refers to st7735.o(i.Output_Init) for Output_Init
    st7735.o(i.ST7735_DrawBitmap) refers to st7735.o(i.setAddrWindow) for setAddrWindow
    st7735.o(i.ST7735_DrawBitmap) refers to st7735.o(i.ST7735_Convert) for ST7735_Convert
    st7735.o(i.ST7735_DrawBitmap) refers to lcd.o(.text) for writedata
    st7735.o(i.ST7735_DrawBitmap) refers to st7735.o(.data) for _width
    st7735.o(i.ST7735_DrawChar) refers to st7735.o(i.setAddrWindow) for setAddrWindow
    st7735.o(i.ST7735_DrawChar) refers to st7735.o(i.pushColor) for pushColor
    st7735.o(i.ST7735_DrawChar) refers to st7735.o(.data) for _width
    st7735.o(i.ST7735_DrawChar) refers to st7735.o(.constdata) for Font
    st7735.o(i.ST7735_DrawCharS) refers to st7735.o(i.ST7735_DrawPixel) for ST7735_DrawPixel
    st7735.o(i.ST7735_DrawCharS) refers to st7735.o(i.ST7735_FillRect) for ST7735_FillRect
    st7735.o(i.ST7735_DrawCharS) refers to st7735.o(.data) for _width
    st7735.o(i.ST7735_DrawCharS) refers to st7735.o(.constdata) for Font
    st7735.o(i.ST7735_DrawFastHLine) refers to st7735.o(i.setAddrWindow) for setAddrWindow
    st7735.o(i.ST7735_DrawFastHLine) refers to lcd.o(.text) for writedata
    st7735.o(i.ST7735_DrawFastHLine) refers to st7735.o(.data) for _width
    st7735.o(i.ST7735_DrawFastVLine) refers to st7735.o(i.setAddrWindow) for setAddrWindow
    st7735.o(i.ST7735_DrawFastVLine) refers to lcd.o(.text) for writedata
    st7735.o(i.ST7735_DrawFastVLine) refers to st7735.o(.data) for _width
    st7735.o(i.ST7735_DrawPixel) refers to st7735.o(i.setAddrWindow) for setAddrWindow
    st7735.o(i.ST7735_DrawPixel) refers to st7735.o(i.pushColor) for pushColor
    st7735.o(i.ST7735_DrawPixel) refers to st7735.o(.data) for _width
    st7735.o(i.ST7735_DrawString) refers to st7735.o(i.ST7735_DrawCharS) for ST7735_DrawCharS
    st7735.o(i.ST7735_FillRect) refers to st7735.o(i.setAddrWindow) for setAddrWindow
    st7735.o(i.ST7735_FillRect) refers to lcd.o(.text) for writedata
    st7735.o(i.ST7735_FillRect) refers to st7735.o(.data) for _width
    st7735.o(i.ST7735_FillScreen) refers to st7735.o(i.ST7735_FillRect) for ST7735_FillRect
    st7735.o(i.ST7735_FillScreen) refers to st7735.o(.data) for _height
    st7735.o(i.ST7735_InitB) refers to st7735.o(i.commonInit) for commonInit
    st7735.o(i.ST7735_InitB) refers to st7735.o(i.ST7735_SetCursor) for ST7735_SetCursor
    st7735.o(i.ST7735_InitB) refers to st7735.o(i.ST7735_FillScreen) for ST7735_FillScreen
[...]
    airkatz.o(i.SysTick_Handler) refers to uart.o(i.UART_OutChar) for UART_OutChar
    airkatz.o(i.SysTick_Handler) refers to rt_memcpy_w.o(.text) for __aeabi_memcpy4
    airkatz.o(i.SysTick_Handler) refers to buffer.o(i.Game_CheckHit) for Game_CheckHit
    airkatz.o(i.SysTick_Handler) refers to buffer.o(i.Buffer_Update) for Buffer_Update
    airkatz.o(i.SysTick_Handler) refers to switch.o(.data) for specialCD
    airkatz.o(i.SysTick_Handler) refers to buffer.o(.constdata) for sky
    airkatz.o(i.SysTick_Handler) refers to airkatz.o(.data) for data
    airkatz.o(i.SysTick_Handler) refers to buffer.o(.bss) for Player
    airkatz.o(i.SysTick_Handler) refers to buffer.o(.data) for Stage
    airkatz.o(i.SysTick_Handler) refers to sound.o(i.Sound_Damage) for Sound_Damage
    airkatz.o(i.SysTick_Handler) refers to sound.o(i.Sound_Death) for Sound_Death
    airkatz.o(i.SysTick_Handler) refers to random.o(.text) for Random32
    airkatz.o(i.SysTick_Handler) refers to buffer.o(i.Game_DogBossCharge) for Game_DogBossCharge
    airkatz.o(i.SysTick_Handler) refers to buffer.o(i.Game_DogBossChill) for Game_DogBossChill
    airkatz.o(i.SysTick_Handler) refers to buffer.o(i.Game_DogBossDead) for Game_DogBossDead
    airkatz.o(i.SysTick_Handler) refers to switch.o(i.Delay10ms) for Delay10ms
    airkatz.o(i.SysTick_Handler) refers to st7735.o(i.ST7735_DrawBitmap) for ST7735_DrawBitmap
    airkatz.o(i.SysTick_Handler) refers to sound.o(i.Sound_Win) for Sound_Win
    airkatz.o(i.main) refers to startup.o(.text) for DisableInterrupts
    airkatz.o(i.main) refers to pll.o(i.PLL_Init) for PLL_Init
    airkatz.o(i.main) refers to st7735.o(i.ST7735_InitR) for ST7735_InitR
    airkatz.o(i.main) refers to airkatz.o(i.PortF_Init) for PortF_Init
    airkatz.o(i.main) refers to airkatz.o(i.SysTick_Init) for SysTick_Init
    airkatz.o(i.main) refers to sound.o(i.Sound_Init) for Sound_Init
    airkatz.o(i.main) refers to switch.o(i.Switch_Init) for Switch_Init
    airkatz.o(i.main) refers to adc.o(i.ADC_Init56) for ADC_Init56
    airkatz.o(i.main) refers to uart.o(i.UART_Init) for UART_Init
    airkatz.o(i.main) refers to random.o(.text) for Random_Init
    airkatz.o(i.main) refers to buffer.o(i.Start_Init) for Start_Init
    airkatz.o(i.main) refers to switch.o(i.Delay10ms) for Delay10ms
    airkatz.o(i.main) refers to buffer.o(i.Buffer_UpdateMenu) for Buffer_UpdateMenu
    airkatz.o(i.main) refers to st7735.o(i.ST7735_DrawBitmap) for ST7735_DrawBitmap
    airkatz.o(i.main) refers to buffer.o(i.Game_Init) for Game_Init
    airkatz.o(i.main) refers to buffer.o(i.Game_Win) for Game_Win
    airkatz.o(i.main) refers to buffer.o(i.Buffer_Menu) for Buffer_Menu
    airkatz.o(i.main) refers to buffer.o(i.Game_Lose) for Game_Lose
    airkatz.o(i.main) refers to airkatz.o(.data) for ATKtime
    airkatz.o(i.main) refers to buffer.o(.data) for Stage
    airkatz.o(i.main) refers to buffer.o(.bss) for Menu1
    airkatz.o(i.main) refers to buffer.o(.constdata) for scoreLet
    buffer.o(i.Buffer_BG) refers to buffer.o(.bss) for buffer
    buffer.o(i.Buffer_Draw) refers to buffer.o(.bss) for buffer
    buffer.o(i.Buffer_Draw) refers to buffer.o(.constdata) for sky
    buffer.o(i.Buffer_Menu) refers to buffer.o(.bss) for buffer
    buffer.o(i.Buffer_Update) refers to buffer.o(i.Buffer_Draw) for Buffer_Draw
    buffer.o(i.Buffer_Update) refers to buffer.o(.constdata) for Green
    buffer.o(i.Buffer_UpdateMenu) refers to buffer.o(i.Buffer_Menu) for Buffer_Menu
    buffer.o(i.Game_CreateEBullets) refers to buffer.o(.bss) for EBullet
    buffer.o(i.Game_CreateEBullets) refers to buffer.o(.constdata) for DogBull
    buffer.o(i.Game_CreateEnemy) refers to buffer.o(.bss) for Enemy
    buffer.o(i.Game_CreatePBullets) refers to buffer.o(.bss) for PBullet
    buffer.o(i.Game_CreatePBullets) refers to buffer.o(.constdata) for PBull
    buffer.o(i.Game_CreatePlayer) refers to buffer.o(.bss) for Player
    buffer.o(i.Game_CreatePlayer) refers to buffer.o(.constdata) for Cat
    buffer.o(i.Game_DogBossCharge) refers to buffer.o(.bss) for DogBoss
    buffer.o(i.Game_DogBossCharge) refers to buffer.o(.constdata) for Dog
    buffer.o(i.Game_DogBossChill) refers to buffer.o(.bss) for DogBoss
    buffer.o(i.Game_DogBossChill) refers to buffer.o(.constdata) for Dognice
    buffer.o(i.Game_DogBossDead) refers to buffer.o(.bss) for DogBoss
    buffer.o(i.Game_DogBossDead) refers to buffer.o(.constdata) for Dogdead
    buffer.o(i.Game_DogBossInit) refers to buffer.o(i.Game_CreatePBullets) for Game_CreatePBullets
    buffer.o(i.Game_DogBossInit) refers to buffer.o(i.Game_CreateEBullets) for Game_CreateEBullets
    buffer.o(i.Game_DogBossInit) refers to buffer.o(i.Game_CreateBoss) for Game_CreateBoss
    buffer.o(i.Game_DogBossInit) refers to buffer.o(i.Buffer_BG) for Buffer_BG
    buffer.o(i.Game_DogBossInit) refers to buffer.o(.constdata) for Dognice
    buffer.o(i.Game_DogBossInit) refers to buffer.o(.bss) for DogBoss
    buffer.o(i.Game_Init) refers to buffer.o(i.Buffer_BG) for Buffer_BG
    buffer.o(i.Game_Init) refers to buffer.o(i.Game_CreatePlayer) for Game_CreatePlayer
    buffer.o(i.Game_Init) refers to buffer.o(i.Buffer_Update) for Buffer_Update
    buffer.o(i.Game_Init) refers to buffer.o(i.Game_CreateEnemy) for Game_CreateEnemy
    buffer.o(i.Game_Init) refers to buffer.o(i.Game_CreatePBullets) for Game_CreatePBullets
    buffer.o(i.Game_Init) refers to st7735.o(i.ST7735_DrawBitmap) for ST7735_DrawBitmap
    buffer.o(i.Game_Init) refers to buffer.o(.constdata) for sky
    buffer.o(i.Game_Init) refers to buffer.o(.bss) for Player
    buffer.o(i.Game_Lose) refers to st7735.o(i.ST7735_FillScreen) for ST7735_FillScreen
    buffer.o(i.Game_Lose) refers to st7735.o(i.ST7735_DrawBitmap) for ST7735_DrawBitmap
    buffer.o(i.Game_Lose) refers to buffer.o(.constdata) for GameOver
    buffer.o(i.Game_Win) refers to buffer.o(i.Buffer_Menu) for Buffer_Menu
    buffer.o(i.Game_Win) refers to st7735.o(i.ST7735_DrawBitmap) for ST7735_DrawBitmap
    buffer.o(i.Game_Win) refers to buffer.o(.bss) for Menu1
    buffer.o(i.Game_Win) refers to buffer.o(.constdata) for Start
    buffer.o(i.Start_Init) refers to buffer.o(i.Buffer_Menu) for Buffer_Menu
    buffer.o(i.Start_Init) refers to buffer.o(.bss) for Menu1
    buffer.o(i.Start_Init) refers to buffer.o(.constdata) for Start
    random.o(.text) refers to random.o(DATA) for M
    __main.o(!!!main) refers to rtentry.o(.ARM.Collect$$rtentry$$00000000) for __rt_entry
    rtentry.o(.ARM.Collect$$rtentry$$00000000) refers (Special) to rtentry2.o(.ARM.Collect$$rtentry$$0000000A) for __rt_entry_li
    rtentry.o(.ARM.Collect$$rtentry$$00000000) refers (Special) to rtentry2.o(.ARM.Collect$$rtentry$$0000000D) for __rt_entry_main
    rtentry.o(.ARM.Collect$$rtentry$$00000000) refers (Special) to rtentry2.o(.ARM.Collect$$rtentry$$0000000C) for __rt_entry_postli_1
    rtentry.o(.ARM.Collect$$rtentry$$00000000) refers (Special) to rtentry2.o(.ARM.Collect$$rtentry$$00000009) for __rt_entry_postsh_1
    rtentry.o(.ARM.Collect$$rtentry$$00000000) refers (Special) to rtentry2.o(.ARM.Collect$$rtentry$$00000002) for __rt_entry_presh_1
    rtentry.o(.ARM.Collect$$rtentry$$00000000) refers (Special) to rtentry4.o(.ARM.Collect$$rtentry$$00000004) for __rt_entry_sh
    rtentry2.o(.ARM.Collect$$rtentry$$00000008) refers to boardinit2.o(.text) for _platform_post_stackheap_init
    rtentry2.o(.ARM.Collect$$rtentry$$0000000A) refers to libinit.o(.ARM.Collect$$libinit$$00000000) for __rt_lib_init
    rtentry2.o(.ARM.Collect$$rtentry$$0000000B) refers to boardinit3.o(.text) for _platform_post_lib_init
    rtentry2.o(.ARM.Collect$$rtentry$$0000000D) refers to airkatz.o(i.main) for main
    rtentry2.o(.ARM.Collect$$rtentry$$0000000D) refers to exit.o(.text) for exit
    rtentry2.o(.ARM.exidx) refers to rtentry2.o(.ARM.Collect$$rtentry$$00000001) for .ARM.Collect$$rtentry$$00000001
    rtentry2.o(.ARM.exidx) refers to rtentry2.o(.ARM.Collect$$rtentry$$00000008) for .ARM.Collect$$rtentry$$00000008
    rtentry2.o(.ARM.exidx) refers to rtentry2.o(.ARM.Collect$$rtentry$$0000000A) for .ARM.Collect$$rtentry$$0000000A
    rtentry2.o(.ARM.exidx) refers to rtentry2.o(.ARM.Collect$$rtentry$$0000000B) for .ARM.Collect$$rtentry$$0000000B
    rtentry2.o(.ARM.exidx) refers to rtentry2.o(.ARM.Collect$$rtentry$$0000000D) for .ARM.Collect$$rtentry$$0000000D
    rtentry4.o(.ARM.Collect$$rtentry$$00000004) refers to sys_stackheap_outer.o(.text) for __user_setup_stackheap
    rtentry4.o(.ARM.exidx) refers to rtentry4.o(.ARM.Collect$$rtentry$$00000004) for .ARM.Collect$$rtentry$$00000004
    sys_stackheap_outer.o(.text) refers to libspace.o(.text) for __user_perproc_libspace
    sys_stackheap_outer.o(.text) refers to startup.o(.text) for __user_initial_stackheap
    exit.o(.text) refers to rtexit.o(.ARM.Collect$$rtexit$$00000000) for __rt_exit
    libinit.o(.ARM.Collect$$libinit$$00000000) refers (Special) to libinit2.o(.ARM.Collect$$libinit$$0000002C) for __rt_lib_init_alloca_1
    libinit.o(.ARM.Collect$$libinit$$00000000) refers (Special) to libinit2.o(.ARM.Collect$$libinit$$0000002A) for __rt_lib_init_argv_1
    libinit.o(.ARM.Collect$$libinit$$00000000) refers (Special) to libinit2.o(.ARM.Collect$$libinit$$00000019) for __rt_lib_init_atexit_1
    libinit.o(.ARM.Collect$$libinit$$00000000) refers (Special) to libinit2.o(.ARM.Collect$$libinit$$0000001F) for __rt_lib_init_clock_1
    libinit.o(.ARM.Collect$$libinit$$00000000) refers (Special) to libinit2.o(.ARM.Collect$$libinit$$00000030) for __rt_lib_init_cpp_1
    libinit.o(.ARM.Collect$$libinit$$00000000) refers (Special) to libinit2.o(.ARM.Collect$$libinit$$0000002E) for __rt_lib_init_exceptions_1
    libinit.o(.ARM.Collect$$libinit$$00000000) refers (Special) to libinit2.o(.ARM.Collect$$libinit$$00000002) for __rt_lib_init_fp_1
    libinit.o(.ARM.Collect$$libinit$$00000000) refers (Special) to libinit2.o(.ARM.Collect$$libinit$$0000001D) for __rt_lib_init_fp_trap_1
    libinit.o(.ARM.Collect$$libinit$$00000000) refers (Special) to libinit2.o(.ARM.Collect$$libinit$$00000021) for __rt_lib_init_getenv_1
    libinit.o(.ARM.Collect$$libinit$$00000000) refers (Special) to libinit2.o(.ARM.Collect$$libinit$$00000008) for __rt_lib_init_heap_1
    libinit.o(.ARM.Collect$$libinit$$00000000) refers (Special) to libinit2.o(.ARM.Collect$$libinit$$0000000F) for __rt_lib_init_lc_collate_1
    libinit.o(.ARM.Collect$$libinit$$00000000) refers (Special) to libinit2.o(.ARM.Collect$$libinit$$00000011) for __rt_lib_init_lc_ctype_1
    libinit.o(.ARM.Collect$$libinit$$00000000) refers (Special) to libinit2.o(.ARM.Collect$$libinit$$00000013) for __rt_lib_init_lc_monetary_1
    libinit.o(.ARM.Collect$$libinit$$00000000) refers (Special) to libinit2.o(.ARM.Collect$$libinit$$00000015) for __rt_lib_init_lc_numeric_1
    libinit.o(.ARM.Collect$$libinit$$00000000) refers (Special) to libinit2.o(.ARM.Collect$$libinit$$00000017) for __rt_lib_init_lc_time_1
    libinit.o(.ARM.Collect$$libinit$$00000000) refers (Special) to libinit2.o(.ARM.Collect$$libinit$$0000000C) for __rt_lib_init_rand_1
    libinit.o(.ARM.Collect$$libinit$$00000000) refers (Special) to libinit2.o(.ARM.Collect$$libinit$$00000031) for __rt_lib_init_return
    libinit.o(.ARM.Collect$$libinit$$00000000) refers (Special) to libinit2.o(.ARM.Collect$$libinit$$0000001B) for __rt_lib_init_signal_1
    libinit.o(.ARM.Collect$$libinit$$00000000) refers (Special) to libinit2.o(.ARM.Collect$$libinit$$00000023) for __rt_lib_init_stdio_1
    libinit.o(.ARM.Collect$$libinit$$00000000) refers (Special) to libinit2.o(.ARM.Collect$$libinit$$0000000A) for __rt_lib_init_user_alloc_1
    libspace.o(.text) refers to libspace.o(.bss) for __libspace_start
    rtexit.o(.ARM.Collect$$rtexit$$00000000) refers (Special) to rtexit2.o(.ARM.Collect$$rtexit$$00000004) for __rt_exit_exit
    rtexit.o(.ARM.Collect$$rtexit$$00000000) refers (Special) to rtexit2.o(.ARM.Collect$$rtexit$$00000003) for __rt_exit_ls
    rtexit.o(.ARM.Collect$$rtexit$$00000000) refers (Special) to rtexit2.o(.ARM.Collect$$rtexit$$00000002) for __rt_exit_prels_1
    rtexit.o(.ARM.exidx) refers (Special) to rtexit2.o(.ARM.Collect$$rtexit$$00000004) for __rt_exit_exit
    rtexit.o(.ARM.exidx) refers (Special) to rtexit2.o(.ARM.Collect$$rtexit$$00000003) for __rt_exit_ls
    rtexit.o(.ARM.exidx) refers (Special) to rtexit2.o(.ARM.Collect$$rtexit$$00000002) for __rt_exit_prels_1
    rtexit.o(.ARM.exidx) refers to rtexit.o(.ARM.Collect$$rtexit$$00000000) for .ARM.Collect$$rtexit$$00000000
    libinit2.o(.ARM.Collect$$libinit$$0000000E) refers to libinit2.o(.ARM.Collect$$libinit$$0000000D) for .ARM.Collect$$libinit$$0000000D
    libinit2.o(.ARM.Collect$$libinit$$00000010) refers to libinit2.o(.ARM.Collect$$libinit$$0000000D) for .ARM.Collect$$libinit$$0000000D
    libinit2.o(.ARM.Collect$$libinit$$00000012) refers to libinit2.o(.ARM.Collect$$libinit$$0000000D) for .ARM.Collect$$libinit$$0000000D
    libinit2.o(.ARM.Collect$$libinit$$00000014) refers to libinit2.o(.ARM.Collect$$libinit$$0000000D) for .ARM.Collect$$libinit$$0000000D
    libinit2.o(.ARM.Collect$$libinit$$00000016) refers to libinit2.o(.ARM.Collect$$libinit$$0000000D) for .ARM.Collect$$libinit$$0000000D
    libinit2.o(.ARM.Collect$$libinit$$00000024) refers to argv_veneer.o(.emb_text) for __ARM_argv_veneer
    libinit2.o(.ARM.Collect$$libinit$$00000025) refers to argv_veneer.o(.emb_text) for __ARM_argv_veneer
    rtexit2.o(.ARM.Collect$$rtexit$$00000003) refers to libshutdown.o(.ARM.Collect$$libshutdown$$00000000) for __rt_lib_shutdown
    rtexit2.o(.ARM.Collect$$rtexit$$00000004) refers to sys_exit.o(.text) for _sys_exit
    rtexit2.o(.ARM.exidx) refers to rtexit2.o(.ARM.Collect$$rtexit$$00000001) for .ARM.Collect$$rtexit$$00000001
    rtexit2.o(.ARM.exidx) refers to rtexit2.o(.ARM.Collect$$rtexit$$00000003) for .ARM.Collect$$rtexit$$00000003
    rtexit2.o(.ARM.exidx) refers to rtexit2.o(.ARM.Collect$$rtexit$$00000004) for .ARM.Collect$$rtexit$$00000004
    argv_veneer.o(.emb_text) refers to no_argv.o(.text) for __ARM_get_argv
    sys_exit.o(.text) refers (Special) to use_no_semi.o(.text) for __I$use$semihosting
    sys_exit.o(.text) refers (Special) to indicate_semi.o(.text) for __semihosting_library_function
    _get_argv_nomalloc.o(.text) refers (Special) to hrguard.o(.text) for __heap_region$guard
    _get_argv_nomalloc.o(.text) refers to defsig_rtmem_outer.o(.text) for __rt_SIGRTMEM
    _get_argv_nomalloc.o(.text) refers to sys_command.o(.text) for _sys_command_string
    libshutdown.o(.ARM.Collect$$libshutdown$$00000000) refers (Special) to libshutdown2.o(.ARM.Collect$$libshutdown$$00000006) for __rt_lib_shutdown_fp_trap_1
    libshutdown.o(.ARM.Collect$$libshutdown$$00000000) refers (Special) to libshutdown2.o(.ARM.Collect$$libshutdown$$0000000E) for __rt_lib_shutdown_heap_1
    libshutdown.o(.ARM.Collect$$libshutdown$$00000000) refers (Special) to libshutdown2.o(.ARM.Collect$$libshutdown$$0000000F) for __rt_lib_shutdown_return
    libshutdown.o(.ARM.Collect$$libshutdown$$00000000) refers (Special) to libshutdown2.o(.ARM.Collect$$libshutdown$$00000009) for __rt_lib_shutdown_signal_1
    libshutdown.o(.ARM.Collect$$libshutdown$$00000000) refers (Special) to libshutdown2.o(.ARM.Collect$$libshutdown$$00000003) for __rt_lib_shutdown_stdio_1
    libshutdown.o(.ARM.Collect$$libshutdown$$00000000) refers (Special) to libshutdown2.o(.ARM.Collect$$libshutdown$$0000000B) for __rt_lib_shutdown_user_alloc_1
    sys_command.o(.text) refers (Special) to use_no_semi.o(.text) for __I$use$semihosting
    sys_command.o(.text) refers (Special) to indicate_semi.o(.text) for __semihosting_library_function
    defsig_rtmem_outer.o(.text) refers to defsig_rtmem_inner.o(.text) for __rt_SIGRTMEM_inner
    defsig_rtmem_outer.o(.text) refers to defsig_exit.o(.text) for __sig_exit
    defsig_rtmem_formal.o(.text) refers to rt_raise.o(.text) for __rt_raise
    rt_raise.o(.text) refers to __raise.o(.text) for __raise
    rt_raise.o(.text) refers to sys_exit.o(.text) for _sys_exit
    defsig_exit.o(.text) refers to sys_exit.o(.text) for _sys_exit
    defsig_rtmem_inner.o(.text) refers to defsig_general.o(.text) for __default_signal_display
    __raise.o(.text) refers to defsig.o(CL$$defsig) for __default_signal_handler
    defsig_general.o(.text) refers to sys_wrch.o(.text) for _ttywrch
    sys_wrch.o(.text) refers (Special) to use_no_semi.o(.text) for __I$use$semihosting
    sys_wrch.o(.text) refers (Special) to indicate_semi.o(.text) for __semihosting_library_function
    defsig.o(CL$$defsig) refers to defsig_rtmem_inner.o(.text) for __rt_SIGRTMEM_inner
    defsig_abrt_inner.o(.text) refers to defsig_general.o(.text) for __default_signal_display
    defsig_fpe_inner.o(.text) refers to defsig_general.o(.text) for __default_signal_display
    defsig_rtred_inner.o(.text) refers to defsig_general.o(.text) for __default_signal_display
    defsig_stak_inner.o(.text) refers to defsig_general.o(.text) for __default_signal_display
    defsig_pvfn_inner.o(.text) refers to defsig_general.o(.text) for __default_signal_display
    defsig_cppl_inner.o(.text) refers to defsig_general.o(.text) for __default_signal_display
    defsig_segv_inner.o(.text) refers to defsig_general.o(.text) for __default_signal_display
    defsig_other.o(.text) refers to defsig_general.o(.text) for __default_signal_display


==============================================================================

Removing Unused input sections from the image.

    Removing st7735.o(i.Output_Clear), (10 bytes).
    Removing st7735.o(i.Output_Color), (12 bytes).
    Removing st7735.o(i.Output_Init), (16 bytes).
    Removing st7735.o(i.Output_Off), (8 bytes).
    Removing st7735.o(i.Output_On), (8 bytes).
    Removing st7735.o(i.ST7735_Color565), (24 bytes).
    Removing st7735.o(i.ST7735_DrawChar), (268 bytes).
    Removing st7735.o(i.ST7735_DrawCharS), (244 bytes).
    Removing st7735.o(i.ST7735_DrawFastHLine), (124 bytes).
    Removing st7735.o(i.ST7735_DrawFastVLine), (124 bytes).
    Removing st7735.o(i.ST7735_DrawPixel), (72 bytes).
    Removing st7735.o(i.ST7735_DrawString), (86 bytes).
    Removing st7735.o(i.ST7735_InitB), (40 bytes).
    Removing st7735.o(i.ST7735_InvertDisplay), (22 bytes).
    Removing st7735.o(i.ST7735_OutChar), (212 bytes).
    Removing st7735.o(i.ST7735_OutString), (24 bytes).
    Removing st7735.o(i.ST7735_OutUDec), (140 bytes).
    Removing st7735.o(i.ST7735_PlotBar), (88 bytes).
    Removing st7735.o(i.ST7735_PlotClear), (92 bytes).
    Removing st7735.o(i.ST7735_PlotLine), (264 bytes).
    Removing st7735.o(i.ST7735_PlotNext), (32 bytes).
    Removing st7735.o(i.ST7735_PlotNextErase), (64 bytes).
    Removing st7735.o(i.ST7735_PlotPoint), (152 bytes).
    Removing st7735.o(i.ST7735_PlotPoints), (172 bytes).
    Removing st7735.o(i.ST7735_PlotdBfs), (60 bytes).
    Removing st7735.o(i.ST7735_SetRotation), (212 bytes).
    Removing st7735.o(i.ST7735_SetTextColor), (12 bytes).
    Removing st7735.o(i.ST7735_SwapColor), (18 bytes).
    Removing st7735.o(i.ferror), (8 bytes).
    Removing st7735.o(i.fgetc), (6 bytes).
    Removing st7735.o(i.fillmessage), (72 bytes).
    Removing st7735.o(i.fputc), (16 bytes).
    Removing st7735.o(i.pushColor), (18 bytes).
    Removing st7735.o(.bss), (12 bytes).
    Removing print.o(.text), (260 bytes).

35 unused section(s) (total 2992 bytes) removed from the image.

==============================================================================

Image Symbol Table

    Local Symbols

    Symbol Name                              Value     Ov Type        Size  Object(Section)

    RESET                                    0x00000000   Section      644  startup.o(RESET)
    ../clib/angel/boardlib.s                 0x00000000   Number         0  boardinit2.o ABSOLUTE
    ../clib/angel/boardlib.s                 0x00000000   Number         0  boardinit3.o ABSOLUTE
    ../clib/angel/boardlib.s                 0x00000000   Number         0  boardshut.o ABSOLUTE
    ../clib/angel/boardlib.s                 0x00000000   Number         0  boardinit1.o ABSOLUTE
    ../clib/angel/handlers.s                 0x00000000   Number         0  __scatter_copy.o ABSOLUTE
    ../clib/angel/handlers.s                 0x00000000   Number         0  __scatter_zi.o ABSOLUTE
    ../clib/angel/kernel.s                   0x00000000   Number         0  rtentry2.o ABSOLUTE
    ../clib/angel/kernel.s                   0x00000000   Number         0  rtentry.o ABSOLUTE
    ../clib/angel/kernel.s                   0x00000000   Number         0  rtexit2.o ABSOLUTE
    ../clib/angel/kernel.s                   0x00000000   Number         0  rtexit.o ABSOLUTE
    ../clib/angel/kernel.s                   0x00000000   Number         0  rtentry4.o ABSOLUTE
    ../clib/angel/rt.s                       0x00000000   Number         0  rt_raise.o ABSOLUTE
    ../clib/angel/scatter.s                  0x00000000   Number         0  __scatter.o ABSOLUTE
    ../clib/angel/startup.s                  0x00000000   Number         0  __main.o ABSOLUTE
    ../clib/angel/sys.s                      0x00000000   Number         0  use_no_semi.o ABSOLUTE
    ../clib/angel/sys.s                      0x00000000   Number         0  indicate_semi.o ABSOLUTE
    ../clib/angel/sys.s                      0x00000000   Number         0  libspace.o ABSOLUTE
    ../clib/angel/sys.s                      0x00000000   Number         0  sys_stackheap_outer.o ABSOLUTE
    ../clib/angel/sysapp.c                   0x00000000   Number         0  sys_exit.o ABSOLUTE
    ../clib/angel/sysapp.c                   0x00000000   Number         0  sys_wrch.o ABSOLUTE
    ../clib/angel/sysapp.c                   0x00000000   Number         0  sys_command.o ABSOLUTE
    ../clib/armsys.c                         0x00000000   Number         0  argv_veneer.o ABSOLUTE
    ../clib/armsys.c                         0x00000000   Number         0  argv_veneer.o ABSOLUTE
    ../clib/armsys.c                         0x00000000   Number         0  _get_argv_nomalloc.o ABSOLUTE
    ../clib/armsys.c                         0x00000000   Number         0  no_argv.o ABSOLUTE
    ../clib/heapalloc.c                      0x00000000   Number         0  hrguard.o ABSOLUTE
    ../clib/heapaux.c                        0x00000000   Number         0  heapauxi.o ABSOLUTE
    ../clib/libinit.s                        0x00000000   Number         0  libinit.o ABSOLUTE
    ../clib/libinit.s                        0x00000000   Number         0  libinit2.o ABSOLUTE
    ../clib/libinit.s                        0x00000000   Number         0  libshutdown2.o ABSOLUTE
    ../clib/libinit.s                        0x00000000   Number         0  libshutdown.o ABSOLUTE
    ../clib/memcpset.s                       0x00000000   Number         0  rt_memcpy_w.o ABSOLUTE
    ../clib/signal.c                         0x00000000   Number         0  defsig_abrt_inner.o ABSOLUTE
    ../clib/signal.c                         0x00000000   Number         0  defsig_other.o ABSOLUTE
    ../clib/signal.c                         0x00000000   Number         0  defsig_exit.o ABSOLUTE
    ../clib/signal.c                         0x00000000   Number         0  defsig_rtmem_inner.o ABSOLUTE
    ../clib/signal.c                         0x00000000   Number         0  __raise.o ABSOLUTE
    ../clib/signal.c                         0x00000000   Number         0  defsig_rtmem_formal.o ABSOLUTE
    ../clib/signal.c                         0x00000000   Number         0  defsig_general.o ABSOLUTE
    ../clib/signal.c                         0x00000000   Number         0  defsig_fpe_inner.o ABSOLUTE
    ../clib/signal.c                         0x00000000   Number         0  defsig_rtred_inner.o ABSOLUTE
    ../clib/signal.c                         0x00000000   Number         0  defsig_rtmem_outer.o ABSOLUTE
    ../clib/signal.c                         0x00000000   Number         0  defsig_stak_inner.o ABSOLUTE
    ../clib/signal.c                         0x00000000   Number         0  defsig_pvfn_inner.o ABSOLUTE
    ../clib/signal.c                         0x00000000   Number         0  defsig_cppl_inner.o ABSOLUTE
    ../clib/signal.c                         0x00000000   Number         0  defsig_segv_inner.o ABSOLUTE
    ../clib/signal.s                         0x00000000   Number         0  defsig.o ABSOLUTE
    ../clib/stdlib.c                         0x00000000   Number         0  exit.o ABSOLUTE
    ../fplib/fpinit.s                        0x00000000   Number         0  fpinit.o ABSOLUTE
    ADC.c                                    0x00000000   Number         0  adc.o ABSOLUTE
    AirKatz.c                                0x00000000   Number         0  airkatz.o ABSOLUTE
    Buffer.c                                 0x00000000   Number         0  buffer.o ABSOLUTE
    DAC.c                                    0x00000000   Number         0  dac.o ABSOLUTE
    LCD.s                                    0x00000000   Number         0  lcd.o ABSOLUTE
    PLL.c                                    0x00000000   Number         0  pll.o ABSOLUTE
    Print.s                                  0x00000000   Number         0  print.o ABSOLUTE
    ST7735.c                                 0x00000000   Number         0  st7735.o ABSOLUTE
    Sound.c                                  0x00000000   Number         0  sound.o ABSOLUTE
    Startup.s                                0x00000000   Number         0  startup.o ABSOLUTE
    Switch.c                                 0x00000000   Number         0  switch.o ABSOLUTE
    Timer0.c                                 0x00000000   Number         0  timer0.o ABSOLUTE
    UART.c                                   0x00000000   Number         0  uart.o ABSOLUTE
    dc.s                                     0x00000000   Number         0  dc.o ABSOLUTE
    random.s                                 0x00000000   Number         0  random.o ABSOLUTE
    !!!main                                  0x00000284   Section        8  __main.o(!!!main)
    !!!scatter                               0x0000028c   Section       52  __scatter.o(!!!scatter)
    !!handler_copy                           0x000002c0   Section       26  __scatter_copy.o(!!handler_copy)
    !!handler_zi                             0x000002dc   Section       28  __scatter_zi.o(!!handler_zi)
    .ARM.Collect$$libinit$$00000000          0x000002f8   Section        2  libinit.o(.ARM.Collect$$libinit$$00000000)
    .ARM.Collect$$libinit$$00000002          0x000002fa   Section        0  libinit2.o(.ARM.Collect$$libinit$$00000002)
    .ARM.Collect$$libinit$$00000008          0x000002fa   Section        0  libinit2.o(.ARM.Collect$$libinit$$00000008)
    .ARM.Collect$$libinit$$0000000A          0x000002fa   Section        0  libinit2.o(.ARM.Collect$$libinit$$0000000A)
    .ARM.Collect$$libinit$$0000000C          0x000002fa   Section        0  libinit2.o(.ARM.Collect$$libinit$$0000000C)
    .ARM.Collect$$libinit$$0000000F          0x000002fa   Section        0  libinit2.o(.ARM.Collect$$libinit$$0000000F)
    .ARM.Collect$$libinit$$00000011          0x000002fa   Section        0  libinit2.o(.ARM.Collect$$libinit$$00000011)
    .ARM.Collect$$libinit$$00000013          0x000002fa   Section        0  libinit2.o(.ARM.Collect$$libinit$$00000013)
    .ARM.Collect$$libinit$$00000015          0x000002fa   Section        0  libinit2.o(.ARM.Collect$$libinit$$00000015)
    .ARM.Collect$$libinit$$00000017          0x000002fa   Section        0  libinit2.o(.ARM.Collect$$libinit$$00000017)
    .ARM.Collect$$libinit$$00000019          0x000002fa   Section        0  libinit2.o(.ARM.Collect$$libinit$$00000019)
    .ARM.Collect$$libinit$$0000001B          0x000002fa   Section        0  libinit2.o(.ARM.Collect$$libinit$$0000001B)
    .ARM.Collect$$libinit$$0000001D          0x000002fa   Section        0  libinit2.o(.ARM.Collect$$libinit$$0000001D)
    .ARM.Collect$$libinit$$0000001F          0x000002fa   Section        0  libinit2.o(.ARM.Collect$$libinit$$0000001F)
    .ARM.Collect$$libinit$$00000021          0x000002fa   Section        0  libinit2.o(.ARM.Collect$$libinit$$00000021)
    .ARM.Collect$$libinit$$00000023          0x000002fa   Section        0  libinit2.o(.ARM.Collect$$libinit$$00000023)
    .ARM.Collect$$libinit$$0000002A          0x000002fa   Section        0  libinit2.o(.ARM.Collect$$libinit$$0000002A)
    .ARM.Collect$$libinit$$0000002C          0x000002fa   Section        0  libinit2.o(.ARM.Collect$$libinit$$0000002C)
    .ARM.Collect$$libinit$$0000002E          0x000002fa   Section        0  libinit2.o(.ARM.Collect$$libinit$$0000002E)
    .ARM.Collect$$libinit$$00000030          0x000002fa   Section        0  libinit2.o(.ARM.Collect$$libinit$$00000030)
    .ARM.Collect$$libinit$$00000031          0x000002fa   Section        2  libinit2.o(.ARM.Collect$$libinit$$00000031)
    .ARM.Collect$$libshutdown$$00000000      0x000002fc   Section        2  libshutdown.o(.ARM.Collect$$libshutdown$$00000000)
    .ARM.Collect$$libshutdown$$00000003      0x000002fe   Section        0  libshutdown2.o(.ARM.Collect$$libshutdown$$00000003)
    .ARM.Collect$$libshutdown$$00000006      0x000002fe   Section        0  libshutdown2.o(.ARM.Collect$$libshutdown$$00000006)
    .ARM.Collect$$libshutdown$$00000009      0x000002fe   Section        0  libshutdown2.o(.ARM.Collect$$libshutdown$$00000009)
    .ARM.Collect$$libshutdown$$0000000B      0x000002fe   Section        0  libshutdown2.o(.ARM.Collect$$libshutdown$$0000000B)
    .ARM.Collect$$libshutdown$$0000000E      0x000002fe   Section        0  libshutdown2.o(.ARM.Collect$$libshutdown$$0000000E)
    .ARM.Collect$$libshutdown$$0000000F      0x000002fe   Section        2  libshutdown2.o(.ARM.Collect$$libshutdown$$0000000F)
    .ARM.Collect$$rtentry$$00000000          0x00000300   Section        0  rtentry.o(.ARM.Collect$$rtentry$$00000000)
    .ARM.Collect$$rtentry$$00000002          0x00000300   Section        0  rtentry2.o(.ARM.Collect$$rtentry$$00000002)
    .ARM.Collect$$rtentry$$00000004          0x00000300   Section        6  rtentry4.o(.ARM.Collect$$rtentry$$00000004)
    .ARM.Collect$$rtentry$$00000009          0x00000306   Section        0  rtentry2.o(.ARM.Collect$$rtentry$$00000009)
    .ARM.Collect$$rtentry$$0000000A          0x00000306   Section        4  rtentry2.o(.ARM.Collect$$rtentry$$0000000A)
    .ARM.Collect$$rtentry$$0000000C          0x0000030a   Section        0  rtentry2.o(.ARM.Collect$$rtentry$$0000000C)
    .ARM.Collect$$rtentry$$0000000D          0x0000030a   Section        8  rtentry2.o(.ARM.Collect$$rtentry$$0000000D)
    .ARM.Collect$$rtexit$$00000000           0x00000312   Section        2  rtexit.o(.ARM.Collect$$rtexit$$00000000)
    .ARM.Collect$$rtexit$$00000002           0x00000314   Section        0  rtexit2.o(.ARM.Collect$$rtexit$$00000002)
    .ARM.Collect$$rtexit$$00000003           0x00000314   Section        4  rtexit2.o(.ARM.Collect$$rtexit$$00000003)
    .ARM.Collect$$rtexit$$00000004           0x00000318   Section        6  rtexit2.o(.ARM.Collect$$rtexit$$00000004)
    .text                                    0x00000320   Section       48  startup.o(.text)
    .text                                    0x00000350   Section       84  lcd.o(.text)
    .text                                    0x000003a4   Section       64  random.o(.text)
    .text                                    0x000003e4   Section      100  rt_memcpy_w.o(.text)
    .text                                    0x00000448   Section        0  heapauxi.o(.text)
    .text                                    0x0000044e   Section       74  sys_stackheap_outer.o(.text)
    .text                                    0x00000498   Section        0  exit.o(.text)
    .text                                    0x000004a4   Section        8  libspace.o(.text)
    .text                                    0x000004ac   Section        0  sys_exit.o(.text)
    .text                                    0x000004b8   Section        2  use_no_semi.o(.text)
    .text                                    0x000004ba   Section        0  indicate_semi.o(.text)
    i.ADC_In56                               0x000004bc   Section        0  adc.o(i.ADC_In56)
    i.ADC_Init56                             0x000004f4   Section        0  adc.o(i.ADC_Init56)
    i.Buffer_BG                              0x000005ec   Section        0  buffer.o(i.Buffer_BG)
    i.Buffer_Draw                            0x000006fc   Section        0  buffer.o(i.Buffer_Draw)
    i.Buffer_Menu                            0x0000088c   Section        0  buffer.o(i.Buffer_Menu)
    i.Buffer_Update                          0x000009bc   Section        0  buffer.o(i.Buffer_Update)
    i.Buffer_UpdateMenu                      0x00000a04   Section        0  buffer.o(i.Buffer_UpdateMenu)
    i.DAC_Init                               0x00000a28   Section        0  dac.o(i.DAC_Init)
    i.DAC_Out                                0x00000a7c   Section        0  dac.o(i.DAC_Out)
    i.Delay10ms                              0x00000a8c   Section        0  switch.o(i.Delay10ms)
    i.Delay1ms                               0x00000ab0   Section        0  st7735.o(i.Delay1ms)
    i.GPIOPortE_Handler                      0x00000ad0   Section        0  switch.o(i.GPIOPortE_Handler)
    i.Game_CheckHit                          0x00001064   Section        0  buffer.o(i.Game_CheckHit)
    i.Game_CreateBoss                        0x0000142a   Section        0  buffer.o(i.Game_CreateBoss)
    i.Game_CreateEBullets                    0x00001450   Section        0  buffer.o(i.Game_CreateEBullets)
    i.Game_CreateEnemy                       0x00001484   Section        0  buffer.o(i.Game_CreateEnemy)
    i.Game_CreatePBullets                    0x000016c4   Section        0  buffer.o(i.Game_CreatePBullets)
    i.Game_CreatePlayer                      0x00001730   Section        0  buffer.o(i.Game_CreatePlayer)
    i.Game_DogBossCharge                     0x0000175c   Section        0  buffer.o(i.Game_DogBossCharge)
    i.Game_DogBossChill                      0x00001770   Section        0  buffer.o(i.Game_DogBossChill)
    i.Game_DogBossDead                       0x00001784   Section        0  buffer.o(i.Game_DogBossDead)
    i.Game_DogBossInit                       0x0000179c   Section        0  buffer.o(i.Game_DogBossInit)
    i.Game_Init                              0x000017d4   Section        0  buffer.o(i.Game_Init)
    i.Game_Lose                              0x00001910   Section        0  buffer.o(i.Game_Lose)
    i.Game_Win                               0x00001930   Section        0  buffer.o(i.Game_Win)
    i.PLL_Init                               0x000019c0   Section        0  pll.o(i.PLL_Init)
    i.PortF_Init                             0x00001a3c   Section        0  airkatz.o(i.PortF_Init)
    i.ST7735_Convert                         0x00001a8c   Section        0  st7735.o(i.ST7735_Convert)
    i.ST7735_DrawBitmap                      0x00001acc   Section        0  st7735.o(i.ST7735_DrawBitmap)
    i.ST7735_FillRect                        0x00001bf8   Section        0  st7735.o(i.ST7735_FillRect)
    i.ST7735_FillScreen                      0x00001ca4   Section        0  st7735.o(i.ST7735_FillScreen)
    i.ST7735_InitR                           0x00001cc8   Section        0  st7735.o(i.ST7735_InitR)
    i.ST7735_SetCursor                       0x00001d44   Section        0  st7735.o(i.ST7735_SetCursor)
    i.Sound_Damage                           0x00001d64   Section        0  sound.o(i.Sound_Damage)
    i.Sound_Death                            0x00001d78   Section        0  sound.o(i.Sound_Death)
    i.Sound_Init                             0x00001d8c   Section        0  sound.o(i.Sound_Init)
    i.Sound_Laser                            0x00001d9c   Section        0  sound.o(i.Sound_Laser)
    i.Sound_Shoot                            0x00001db0   Section        0  sound.o(i.Sound_Shoot)
    i.Sound_Win                              0x00001dc4   Section        0  sound.o(i.Sound_Win)
    i.Start_Init                             0x00001dd8   Section        0  buffer.o(i.Start_Init)
    i.Switch_Init                            0x00001eb8   Section        0  switch.o(i.Switch_Init)
    i.SysTick_Handler                        0x00001f84   Section        0  airkatz.o(i.SysTick_Handler)
    i.SysTick_Init                           0x00002b78   Section        0  airkatz.o(i.SysTick_Init)
    i.Timer0A_Handler                        0x00002bb0   Section        0  timer0.o(i.Timer0A_Handler)
    i.Timer0A_SetSound                       0x00002c14   Section        0  timer0.o(i.Timer0A_SetSound)
    i.Timer0_Init                            0x00002c68   Section        0  timer0.o(i.Timer0_Init)
    i.UART1_Handler                          0x00002cc8   Section        0  uart.o(i.UART1_Handler)
    i.UART_Init                              0x00002cd4   Section        0  uart.o(i.UART_Init)
    i.UART_OutChar                           0x00002de8   Section        0  uart.o(i.UART_OutChar)
    i.commandList                            0x00002e00   Section        0  st7735.o(i.commandList)
    commandList                              0x00002e01   Thumb Code    86  st7735.o(i.commandList)
    i.commonInit                             0x00002e58   Section        0  st7735.o(i.commonInit)
    commonInit                               0x00002e59   Thumb Code   340  st7735.o(i.commonInit)
    i.main                                   0x00002fdc   Section        0  airkatz.o(i.main)
    i.setAddrWindow                          0x0000336c   Section        0  st7735.o(i.setAddrWindow)
    setAddrWindow                            0x0000336d   Thumb Code   106  st7735.o(i.setAddrWindow)
    .constdata                               0x000033e0   Section    21488  sound.o(.constdata)
    .constdata                               0x000087d0   Section     2018  st7735.o(.constdata)
    Font                                     0x000087d0   Data        1275  st7735.o(.constdata)
    Bcmd                                     0x00008ccb   Data         103  st7735.o(.constdata)
    Rcmd1                                    0x00008d32   Data          59  st7735.o(.constdata)
    Rcmd2green                               0x00008d6d   Data          13  st7735.o(.constdata)
    Rcmd2red                                 0x00008d7a   Data          13  st7735.o(.constdata)
    Rcmd3                                    0x00008d87   Data          43  st7735.o(.constdata)
    .constdata                               0x00008fb2   Section    88762  buffer.o(.constdata)
    .data                                    0x20000000   Section       44  st7735.o(.data)
    _width                                   0x2000000a   Data           2  st7735.o(.data)
    _height                                  0x2000000c   Data           2  st7735.o(.data)
    ColStart                                 0x20000014   Data           1  st7735.o(.data)
    RowStart                                 0x20000015   Data           1  st7735.o(.data)
    Rotation                                 0x20000016   Data           1  st7735.o(.data)
    TabColor                                 0x20000017   Data           1  st7735.o(.data)
    .data                                    0x2000002c   Section        4  switch.o(.data)
    .data                                    0x20000030   Section       17  timer0.o(.data)
    soundPt                                  0x20000030   Data           4  timer0.o(.data)
    soundPtrepeat                            0x20000034   Data           4  timer0.o(.data)
    arrSize                                  0x20000038   Data           4  timer0.o(.data)
    pd                                       0x2000003c   Data           4  timer0.o(.data)
    .data                                    0x20000044   Section       24  airkatz.o(.data)
    bufferFlag                               0x20000046   Data           1  airkatz.o(.data)
    .data                                    0x2000005c   Section        1  buffer.o(.data)
    DATA                                     0x20000060   Section        4  random.o(DATA)
    M                                        0x20000060   Data           4  random.o(DATA)
    .bss                                     0x20000064   Section    22520  buffer.o(.bss)
    .bss                                     0x2000585c   Section       96  libspace.o(.bss)
    HEAP                                     0x200058c0   Section        0  startup.o(HEAP)
    STACK                                    0x200058c0   Section     1024  startup.o(STACK)
    HeapMem                                  0x200058c0   Data           0  startup.o(HEAP)
    StackMem                                 0x200058c0   Data           0  startup.o(STACK)

    Global Symbols

    Symbol Name                              Value     Ov Type        Size  Object(Section)

    BuildAttributes$$THM_ISAv4$E$P$D$K$B$S$7EM$PE$A:L22UL41UL21$X:L11$S22US41US21$IEEE1$IW$USESV6$~STKCKD$USESV7$~SHL$OSPACE$ROPI$EBA8$UX$STANDARDLIB$REQ8$EABIv2 0x00000000   Number         0  anon$$obj.o ABSOLUTE
    __ARM_use_no_argv                        0x00000000   Number         0  airkatz.o ABSOLUTE
    __Vectors                                0x00000000   Data           0  startup.o(RESET)
    __ARM_exceptions_init                     - Undefined Weak Reference
    __alloca_initialize                       - Undefined Weak Reference
    __cpp_initialize__aeabi_                  - Undefined Weak Reference
    __cxa_finalize                            - Undefined Weak Reference
    __rt_locale                               - Undefined Weak Reference
    __sigvec_lookup                           - Undefined Weak Reference
    _atexit_init                              - Undefined Weak Reference
    _call_atexit_fns                          - Undefined Weak Reference
    _clock_init                               - Undefined Weak Reference
    _fp_trap_init                             - Undefined Weak Reference
    _fp_trap_shutdown                         - Undefined Weak Reference
    _get_lc_collate                           - Undefined Weak Reference
    _get_lc_ctype                             - Undefined Weak Reference
    _get_lc_monetary                          - Undefined Weak Reference
    _get_lc_numeric                           - Undefined Weak Reference
    _get_lc_time                              - Undefined Weak Reference
    _getenv_init                              - Undefined Weak Reference
    _handle_redirection                       - Undefined Weak Reference
    _init_alloc                               - Undefined Weak Reference
    _init_user_alloc                          - Undefined Weak Reference
    _initio                                   - Undefined Weak Reference
    _rand_init                                - Undefined Weak Reference
    _signal_finish                            - Undefined Weak Reference
    _signal_init                              - Undefined Weak Reference
    _terminate_alloc                          - Undefined Weak Reference
    _terminate_user_alloc                     - Undefined Weak Reference
    _terminateio                              - Undefined Weak Reference
    Reset_Handler                            0x0000026d   Thumb Code     0  startup.o(RESET)
    NMI_Handler                              0x00000271   Thumb Code     2  startup.o(RESET)
    HardFault_Handler                        0x00000273   Thumb Code     2  startup.o(RESET)
    MemManage_Handler                        0x00000275   Thumb Code     2  startup.o(RESET)
    BusFault_Handler                         0x00000277   Thumb Code     2  startup.o(RESET)
    UsageFault_Handler                       0x00000279   Thumb Code     2  startup.o(RESET)
    SVC_Handler                              0x0000027b   Thumb Code     2  startup.o(RESET)
    DebugMon_Handler                         0x0000027d   Thumb Code     2  startup.o(RESET)
    PendSV_Handler                           0x0000027f   Thumb Code     2  startup.o(RESET)
    ADC0Seq0_Handler                         0x00000283   Thumb Code     0  startup.o(RESET)
    ADC0Seq1_Handler                         0x00000283   Thumb Code     0  startup.o(RESET)
    ADC0Seq2_Handler                         0x00000283   Thumb Code     0  startup.o(RESET)
    ADC0Seq3_Handler                         0x00000283   Thumb Code     0  startup.o(RESET)
    ADC1Seq0_Handler                         0x00000283   Thumb Code     0  startup.o(RESET)
    ADC1Seq1_Handler                         0x00000283   Thumb Code     0  startup.o(RESET)
    ADC1Seq2_Handler                         0x00000283   Thumb Code     0  startup.o(RESET)
    ADC1Seq3_Handler                         0x00000283   Thumb Code     0  startup.o(RESET)
    CAN0_Handler                             0x00000283   Thumb Code     0  startup.o(RESET)
    CAN1_Handler                             0x00000283   Thumb Code     0  startup.o(RESET)
    CAN2_Handler                             0x00000283   Thumb Code     0  startup.o(RESET)
    Comp0_Handler                            0x00000283   Thumb Code     0  startup.o(RESET)
    Comp1_Handler                            0x00000283   Thumb Code     0  startup.o(RESET)
    Comp2_Handler                            0x00000283   Thumb Code     0  startup.o(RESET)
    Ethernet_Handler                         0x00000283   Thumb Code     0  startup.o(RESET)
    ExtBus_Handler                           0x00000283   Thumb Code     0  startup.o(RESET)
    FPU_Handler                              0x00000283   Thumb Code     0  startup.o(RESET)
    Fan0_Handler                             0x00000283   Thumb Code     0  startup.o(RESET)
    FlashCtl_Handler                         0x00000283   Thumb Code     0  startup.o(RESET)
    GPIOPortA_Handler                        0x00000283   Thumb Code     0  startup.o(RESET)
    GPIOPortB_Handler                        0x00000283   Thumb Code     0  startup.o(RESET)
    GPIOPortC_Handler                        0x00000283   Thumb Code     0  startup.o(RESET)
    GPIOPortD_Handler                        0x00000283   Thumb Code     0  startup.o(RESET)
    GPIOPortF_Handler                        0x00000283   Thumb Code     0  startup.o(RESET)
    GPIOPortG_Handler                        0x00000283   Thumb Code     0  startup.o(RESET)
    GPIOPortH_Handler                        0x00000283   Thumb Code     0  startup.o(RESET)
    GPIOPortJ_Handler                        0x00000283   Thumb Code     0  startup.o(RESET)
    GPIOPortK_Handler                        0x00000283   Thumb Code     0  startup.o(RESET)
    GPIOPortL_Handler                        0x00000283   Thumb Code     0  startup.o(RESET)
    GPIOPortM_Handler                        0x00000283   Thumb Code     0  startup.o(RESET)
    GPIOPortN_Handler                        0x00000283   Thumb Code     0  startup.o(RESET)
    GPIOPortP1_Handler                       0x00000283   Thumb Code     0  startup.o(RESET)
    GPIOPortP2_Handler                       0x00000283   Thumb Code     0  startup.o(RESET)
    GPIOPortP3_Handler                       0x00000283   Thumb Code     0  startup.o(RESET)
    GPIOPortP4_Handler                       0x00000283   Thumb Code     0  startup.o(RESET)
    GPIOPortP5_Handler                       0x00000283   Thumb Code     0  startup.o(RESET)
    GPIOPortP6_Handler                       0x00000283   Thumb Code     0  startup.o(RESET)
    GPIOPortP7_Handler                       0x00000283   Thumb Code     0  startup.o(RESET)
    GPIOPortP_Handler                        0x00000283   Thumb Code     0  startup.o(RESET)
    GPIOPortQ1_Handler                       0x00000283   Thumb Code     0  startup.o(RESET)
    GPIOPortQ2_Handler                       0x00000283   Thumb Code     0  startup.o(RESET)
    GPIOPortQ3_Handler                       0x00000283   Thumb Code     0  startup.o(RESET)
    GPIOPortQ4_Handler                       0x00000283   Thumb Code     0  startup.o(RESET)
    GPIOPortQ5_Handler                       0x00000283   Thumb Code     0  startup.o(RESET)
    GPIOPortQ6_Handler                       0x00000283   Thumb Code     0  startup.o(RESET)
    GPIOPortQ7_Handler                       0x00000283   Thumb Code     0  startup.o(RESET)
    GPIOPortQ_Handler                        0x00000283   Thumb Code     0  startup.o(RESET)
    GPIOPortR_Handler                        0x00000283   Thumb Code     0  startup.o(RESET)
    GPIOPortS_Handler                        0x00000283   Thumb Code     0  startup.o(RESET)
    Hibernate_Handler                        0x00000283   Thumb Code     0  startup.o(RESET)
    I2C0_Handler                             0x00000283   Thumb Code     0  startup.o(RESET)
    I2C1_Handler                             0x00000283   Thumb Code     0  startup.o(RESET)
    I2C2_Handler                             0x00000283   Thumb Code     0  startup.o(RESET)
    I2C3_Handler                             0x00000283   Thumb Code     0  startup.o(RESET)
    I2C4_Handler                             0x00000283   Thumb Code     0  startup.o(RESET)
    I2C5_Handler                             0x00000283   Thumb Code     0  startup.o(RESET)
    I2S0_Handler                             0x00000283   Thumb Code     0  startup.o(RESET)
    LPC0_Handler                             0x00000283   Thumb Code     0  startup.o(RESET)
    PECI0_Handler                            0x00000283   Thumb Code     0  startup.o(RESET)
    PWM0Fault_Handler                        0x00000283   Thumb Code     0  startup.o(RESET)
    PWM0Generator0_Handler                   0x00000283   Thumb Code     0  startup.o(RESET)
    PWM0Generator1_Handler                   0x00000283   Thumb Code     0  startup.o(RESET)
    PWM0Generator2_Handler                   0x00000283   Thumb Code     0  startup.o(RESET)
    PWM0Generator3_Handler                   0x00000283   Thumb Code     0  startup.o(RESET)
    PWM1Fault_Handler                        0x00000283   Thumb Code     0  startup.o(RESET)
    PWM1Generator0_Handler                   0x00000283   Thumb Code     0  startup.o(RESET)
    PWM1Generator1_Handler                   0x00000283   Thumb Code     0  startup.o(RESET)
    PWM1Generator2_Handler                   0x00000283   Thumb Code     0  startup.o(RESET)
    PWM1Generator3_Handler                   0x00000283   Thumb Code     0  startup.o(RESET)
    Quadrature0_Handler                      0x00000283   Thumb Code     0  startup.o(RESET)
    Quadrature1_Handler                      0x00000283   Thumb Code     0  startup.o(RESET)
    Quadrature2_Handler                      0x00000283   Thumb Code     0  startup.o(RESET)
    SSI0_Handler                             0x00000283   Thumb Code     0  startup.o(RESET)
    SSI1_Handler                             0x00000283   Thumb Code     0  startup.o(RESET)
    SSI2_Handler                             0x00000283   Thumb Code     0  startup.o(RESET)
    SSI3_Handler                             0x00000283   Thumb Code     0  startup.o(RESET)
    SysCtl_Handler                           0x00000283   Thumb Code     0  startup.o(RESET)
    Timer0B_Handler                          0x00000283   Thumb Code     0  startup.o(RESET)
    Timer1A_Handler                          0x00000283   Thumb Code     0  startup.o(RESET)
    Timer1B_Handler                          0x00000283   Thumb Code     0  startup.o(RESET)
    Timer2A_Handler                          0x00000283   Thumb Code     0  startup.o(RESET)
    Timer2B_Handler                          0x00000283   Thumb Code     0  startup.o(RESET)
    Timer3A_Handler                          0x00000283   Thumb Code     0  startup.o(RESET)
    Timer3B_Handler                          0x00000283   Thumb Code     0  startup.o(RESET)
    Timer4A_Handler                          0x00000283   Thumb Code     0  startup.o(RESET)
    Timer4B_Handler                          0x00000283   Thumb Code     0  startup.o(RESET)
    Timer5A_Handler                          0x00000283   Thumb Code     0  startup.o(RESET)
    Timer5B_Handler                          0x00000283   Thumb Code     0  startup.o(RESET)
    UART0_Handler                            0x00000283   Thumb Code     0  startup.o(RESET)
    UART2_Handler                            0x00000283   Thumb Code     0  startup.o(RESET)
    UART3_Handler                            0x00000283   Thumb Code     0  startup.o(RESET)
    UART4_Handler                            0x00000283   Thumb Code     0  startup.o(RESET)
    UART5_Handler                            0x00000283   Thumb Code     0  startup.o(RESET)
    UART6_Handler                            0x00000283   Thumb Code     0  startup.o(RESET)
    UART7_Handler                            0x00000283   Thumb Code     0  startup.o(RESET)
    USB0_Handler                             0x00000283   Thumb Code     0  startup.o(RESET)
    WDT_Handler                              0x00000283   Thumb Code     0  startup.o(RESET)
    WideTimer0A_Handler                      0x00000283   Thumb Code     0  startup.o(RESET)
    WideTimer0B_Handler                      0x00000283   Thumb Code     0  startup.o(RESET)
    WideTimer1A_Handler                      0x00000283   Thumb Code     0  startup.o(RESET)
    WideTimer1B_Handler                      0x00000283   Thumb Code     0  startup.o(RESET)
    WideTimer2A_Handler                      0x00000283   Thumb Code     0  startup.o(RESET)
    WideTimer2B_Handler                      0x00000283   Thumb Code     0  startup.o(RESET)
    WideTimer3A_Handler                      0x00000283   Thumb Code     0  startup.o(RESET)
    WideTimer3B_Handler                      0x00000283   Thumb Code     0  startup.o(RESET)
    WideTimer4A_Handler                      0x00000283   Thumb Code     0  startup.o(RESET)
    WideTimer4B_Handler                      0x00000283   Thumb Code     0  startup.o(RESET)
    WideTimer5A_Handler                      0x00000283   Thumb Code     0  startup.o(RESET)
    WideTimer5B_Handler                      0x00000283   Thumb Code     0  startup.o(RESET)
    uDMA_Error                               0x00000283   Thumb Code     0  startup.o(RESET)
    uDMA_Handler                             0x00000283   Thumb Code     0  startup.o(RESET)
    __main                                   0x00000285   Thumb Code     8  __main.o(!!!main)
    __scatterload                            0x0000028d   Thumb Code     0  __scatter.o(!!!scatter)
    __scatterload_rt2                        0x0000028d   Thumb Code    44  __scatter.o(!!!scatter)
    __scatterload_rt2_thumb_only             0x0000028d   Thumb Code     0  __scatter.o(!!!scatter)
    __scatterload_null                       0x0000029b   Thumb Code     0  __scatter.o(!!!scatter)
    __scatterload_copy                       0x000002c1   Thumb Code    26  __scatter_copy.o(!!handler_copy)
    __scatterload_zeroinit                   0x000002dd   Thumb Code    28  __scatter_zi.o(!!handler_zi)
    __rt_lib_init                            0x000002f9   Thumb Code     0  libinit.o(.ARM.Collect$$libinit$$00000000)
    __rt_lib_init_alloca_1                   0x000002fb   Thumb Code     0  libinit2.o(.ARM.Collect$$libinit$$0000002C)
    __rt_lib_init_argv_1                     0x000002fb   Thumb Code     0  libinit2.o(.ARM.Collect$$libinit$$0000002A)
    __rt_lib_init_atexit_1                   0x000002fb   Thumb Code     0  libinit2.o(.ARM.Collect$$libinit$$00000019)
    __rt_lib_init_clock_1                    0x000002fb   Thumb Code     0  libinit2.o(.ARM.Collect$$libinit$$0000001F)
    __rt_lib_init_cpp_1                      0x000002fb   Thumb Code     0  libinit2.o(.ARM.Collect$$libinit$$00000030)
    __rt_lib_init_exceptions_1               0x000002fb   Thumb Code     0  libinit2.o(.ARM.Collect$$libinit$$0000002E)
    __rt_lib_init_fp_1                       0x000002fb   Thumb Code     0  libinit2.o(.ARM.Collect$$libinit$$00000002)
    __rt_lib_init_fp_trap_1                  0x000002fb   Thumb Code     0  libinit2.o(.ARM.Collect$$libinit$$0000001D)
    __rt_lib_init_getenv_1                   0x000002fb   Thumb Code     0  libinit2.o(.ARM.Collect$$libinit$$00000021)
    __rt_lib_init_heap_1                     0x000002fb   Thumb Code     0  libinit2.o(.ARM.Collect$$libinit$$00000008)
    __rt_lib_init_lc_collate_1               0x000002fb   Thumb Code     0  libinit2.o(.ARM.Collect$$libinit$$0000000F)
    __rt_lib_init_lc_ctype_1                 0x000002fb   Thumb Code     0  libinit2.o(.ARM.Collect$$libinit$$00000011)
    __rt_lib_init_lc_monetary_1              0x000002fb   Thumb Code     0  libinit2.o(.ARM.Collect$$libinit$$00000013)
    __rt_lib_init_lc_numeric_1               0x000002fb   Thumb Code     0  libinit2.o(.ARM.Collect$$libinit$$00000015)
    __rt_lib_init_lc_time_1                  0x000002fb   Thumb Code     0  libinit2.o(.ARM.Collect$$libinit$$00000017)
    __rt_lib_init_rand_1                     0x000002fb   Thumb Code     0  libinit2.o(.ARM.Collect$$libinit$$0000000C)
    __rt_lib_init_return                     0x000002fb   Thumb Code     0  libinit2.o(.ARM.Collect$$libinit$$00000031)
    __rt_lib_init_signal_1                   0x000002fb   Thumb Code     0  libinit2.o(.ARM.Collect$$libinit$$0000001B)
    __rt_lib_init_stdio_1                    0x000002fb   Thumb Code     0  libinit2.o(.ARM.Collect$$libinit$$00000023)
    __rt_lib_init_user_alloc_1               0x000002fb   Thumb Code     0  libinit2.o(.ARM.Collect$$libinit$$0000000A)
    __rt_lib_shutdown                        0x000002fd   Thumb Code     0  libshutdown.o(.ARM.Collect$$libshutdown$$00000000)
    __rt_lib_shutdown_fp_trap_1              0x000002ff   Thumb Code     0  libshutdown2.o(.ARM.Collect$$libshutdown$$00000006)
    __rt_lib_shutdown_heap_1                 0x000002ff   Thumb Code     0  libshutdown2.o(.ARM.Collect$$libshutdown$$0000000E)
    __rt_lib_shutdown_return                 0x000002ff   Thumb Code     0  libshutdown2.o(.ARM.Collect$$libshutdown$$0000000F)
    __rt_lib_shutdown_signal_1               0x000002ff   Thumb Code     0  libshutdown2.o(.ARM.Collect$$libshutdown$$00000009)
    __rt_lib_shutdown_stdio_1                0x000002ff   Thumb Code     0  libshutdown2.o(.ARM.Collect$$libshutdown$$00000003)
    __rt_lib_shutdown_user_alloc_1           0x000002ff   Thumb Code     0  libshutdown2.o(.ARM.Collect$$libshutdown$$0000000B)
    __rt_entry                               0x00000301   Thumb Code     0  rtentry.o(.ARM.Collect$$rtentry$$00000000)
    __rt_entry_presh_1                       0x00000301   Thumb Code     0  rtentry2.o(.ARM.Collect$$rtentry$$00000002)
    __rt_entry_sh                            0x00000301   Thumb Code     0  rtentry4.o(.ARM.Collect$$rtentry$$00000004)
    __rt_entry_li                            0x00000307   Thumb Code     0  rtentry2.o(.ARM.Collect$$rtentry$$0000000A)
    __rt_entry_postsh_1                      0x00000307   Thumb Code     0  rtentry2.o(.ARM.Collect$$rtentry$$00000009)
    __rt_entry_main                          0x0000030b   Thumb Code     0  rtentry2.o(.ARM.Collect$$rtentry$$0000000D)
    __rt_entry_postli_1                      0x0000030b   Thumb Code     0  rtentry2.o(.ARM.Collect$$rtentry$$0000000C)
    __rt_exit                                0x00000313   Thumb Code     0  rtexit.o(.ARM.Collect$$rtexit$$00000000)
    __rt_exit_ls                             0x00000315   Thumb Code     0  rtexit2.o(.ARM.Collect$$rtexit$$00000003)
    __rt_exit_prels_1                        0x00000315   Thumb Code     0  rtexit2.o(.ARM.Collect$$rtexit$$00000002)
    __rt_exit_exit                           0x00000319   Thumb Code     0  rtexit2.o(.ARM.Collect$$rtexit$$00000004)
    DisableInterrupts                        0x00000321   Thumb Code     0  startup.o(.text)
    EnableInterrupts                         0x00000325   Thumb Code     0  startup.o(.text)
    StartCritical                            0x00000329   Thumb Code     0  startup.o(.text)
    EndCritical                              0x00000331   Thumb Code     0  startup.o(.text)
    WaitForInterrupt                         0x00000337   Thumb Code     0  startup.o(.text)
    __user_initial_stackheap                 0x0000033b   Thumb Code     0  startup.o(.text)
    writecommand                             0x00000351   Thumb Code     0  lcd.o(.text)
    writedata                                0x00000379   Thumb Code     0  lcd.o(.text)
    Random_Init                              0x000003a5   Thumb Code     0  random.o(.text)
    Random32                                 0x000003af   Thumb Code     2  random.o(.text)
    Random                                   0x000003c1   Thumb Code     2  random.o(.text)
    __aeabi_memcpy4                          0x000003e5   Thumb Code     0  rt_memcpy_w.o(.text)
    __aeabi_memcpy8                          0x000003e5   Thumb Code     0  rt_memcpy_w.o(.text)
    __rt_memcpy_w                            0x000003e5   Thumb Code   100  rt_memcpy_w.o(.text)
    _memcpy_lastbytes_aligned                0x0000042d   Thumb Code     0  rt_memcpy_w.o(.text)
    __use_two_region_memory                  0x00000449   Thumb Code     2  heapauxi.o(.text)
    __rt_heap_escrow$2region                 0x0000044b   Thumb Code     2  heapauxi.o(.text)
    __rt_heap_expand$2region                 0x0000044d   Thumb Code     2  heapauxi.o(.text)
    __user_setup_stackheap                   0x0000044f   Thumb Code    74  sys_stackheap_outer.o(.text)
    exit                                     0x00000499   Thumb Code    12  exit.o(.text)
    __user_libspace                          0x000004a5   Thumb Code     8  libspace.o(.text)
    __user_perproc_libspace                  0x000004a5   Thumb Code     0  libspace.o(.text)
    __user_perthread_libspace                0x000004a5   Thumb Code     0  libspace.o(.text)
    _sys_exit                                0x000004ad   Thumb Code     8  sys_exit.o(.text)
    __I$use$semihosting                      0x000004b9   Thumb Code     0  use_no_semi.o(.text)
    __use_no_semihosting_swi                 0x000004b9   Thumb Code     2  use_no_semi.o(.text)
    __semihosting_library_function           0x000004bb   Thumb Code     0  indicate_semi.o(.text)
    ADC_In56                                 0x000004bd   Thumb Code    48  adc.o(i.ADC_In56)
    ADC_Init56                               0x000004f5   Thumb Code   224  adc.o(i.ADC_Init56)
    Buffer_BG                                0x000005ed   Thumb Code   266  buffer.o(i.Buffer_BG)
    Buffer_Draw                              0x000006fd   Thumb Code   390  buffer.o(i.Buffer_Draw)
    Buffer_Menu                              0x0000088d   Thumb Code   298  buffer.o(i.Buffer_Menu)
    Buffer_Update                            0x000009bd   Thumb Code    68  buffer.o(i.Buffer_Update)
    Buffer_UpdateMenu                        0x00000a05   Thumb Code    34  buffer.o(i.Buffer_UpdateMenu)
    DAC_Init                                 0x00000a29   Thumb Code    70  dac.o(i.DAC_Init)
    DAC_Out                                  0x00000a7d   Thumb Code    10  dac.o(i.DAC_Out)
    Delay10ms                                0x00000a8d   Thumb Code    30  switch.o(i.Delay10ms)
    Delay1ms                                 0x00000ab1   Thumb Code    32  st7735.o(i.Delay1ms)
    GPIOPortE_Handler                        0x00000ad1   Thumb Code  1396  switch.o(i.GPIOPortE_Handler)
    Game_CheckHit                            0x00001065   Thumb Code   966  buffer.o(i.Game_CheckHit)
    Game_CreateBoss                          0x0000142b   Thumb Code    36  buffer.o(i.Game_CreateBoss)
    Game_CreateEBullets                      0x00001451   Thumb Code    42  buffer.o(i.Game_CreateEBullets)
    Game_CreateEnemy                         0x00001485   Thumb Code   572  buffer.o(i.Game_CreateEnemy)
    Game_CreatePBullets                      0x000016c5   Thumb Code   100  buffer.o(i.Game_CreatePBullets)
    Game_CreatePlayer                        0x00001731   Thumb Code    36  buffer.o(i.Game_CreatePlayer)
    Game_DogBossCharge                       0x0000175d   Thumb Code    12  buffer.o(i.Game_DogBossCharge)
    Game_DogBossChill                        0x00001771   Thumb Code    12  buffer.o(i.Game_DogBossChill)
    Game_DogBossDead                         0x00001785   Thumb Code    16  buffer.o(i.Game_DogBossDead)
    Game_DogBossInit                         0x0000179d   Thumb Code    42  buffer.o(i.Game_DogBossInit)
    Game_Init                                0x000017d5   Thumb Code   296  buffer.o(i.Game_Init)
    Game_Lose                                0x00001911   Thumb Code    26  buffer.o(i.Game_Lose)
    Game_Win                                 0x00001931   Thumb Code   122  buffer.o(i.Game_Win)
    PLL_Init                                 0x000019c1   Thumb Code   118  pll.o(i.PLL_Init)
    PortF_Init                               0x00001a3d   Thumb Code    68  airkatz.o(i.PortF_Init)
    ST7735_Convert                           0x00001a8d   Thumb Code    64  st7735.o(i.ST7735_Convert)
    ST7735_DrawBitmap                        0x00001acd   Thumb Code   290  st7735.o(i.ST7735_DrawBitmap)
    ST7735_FillRect                          0x00001bf9   Thumb Code   164  st7735.o(i.ST7735_FillRect)
    ST7735_FillScreen                        0x00001ca5   Thumb Code    28  st7735.o(i.ST7735_FillScreen)
    ST7735_InitR                             0x00001cc9   Thumb Code    90  st7735.o(i.ST7735_InitR)
    ST7735_SetCursor                         0x00001d45   Thumb Code    22  st7735.o(i.ST7735_SetCursor)
    Sound_Damage                             0x00001d65   Thumb Code    14  sound.o(i.Sound_Damage)
    Sound_Death                              0x00001d79   Thumb Code    14  sound.o(i.Sound_Death)
    Sound_Init                               0x00001d8d   Thumb Code    16  sound.o(i.Sound_Init)
    Sound_Laser                              0x00001d9d   Thumb Code    14  sound.o(i.Sound_Laser)
    Sound_Shoot                              0x00001db1   Thumb Code    14  sound.o(i.Sound_Shoot)
    Sound_Win                                0x00001dc5   Thumb Code    14  sound.o(i.Sound_Win)
    Start_Init                               0x00001dd9   Thumb Code   192  buffer.o(i.Start_Init)
    Switch_Init                              0x00001eb9   Thumb Code   178  switch.o(i.Switch_Init)
    SysTick_Handler                          0x00001f85   Thumb Code  3022  airkatz.o(i.SysTick_Handler)
    SysTick_Init                             0x00002b79   Thumb Code    46  airkatz.o(i.SysTick_Init)
    Timer0A_Handler                          0x00002bb1   Thumb Code    78  timer0.o(i.Timer0A_Handler)
    Timer0A_SetSound                         0x00002c15   Thumb Code    54  timer0.o(i.Timer0A_SetSound)
    Timer0_Init                              0x00002c69   Thumb Code    70  timer0.o(i.Timer0_Init)
    UART1_Handler                            0x00002cc9   Thumb Code     8  uart.o(i.UART1_Handler)
    UART_Init                                0x00002cd5   Thumb Code   244  uart.o(i.UART_Init)
    UART_OutChar                             0x00002de9   Thumb Code    18  uart.o(i.UART_OutChar)
    main                                     0x00002fdd   Thumb Code   822  airkatz.o(i.main)
    shoot                                    0x000033e0   Data        1651  sound.o(.constdata)
    damage                                   0x00003a53   Data        2638  sound.o(.constdata)
    laser                                    0x000044a1   Data        1651  sound.o(.constdata)
    death                                    0x00004b14   Data        9887  sound.o(.constdata)
    win                                      0x000071b3   Data        5661  sound.o(.constdata)
    dBfs                                     0x00008db2   Data         512  st7735.o(.constdata)
    Cath                                     0x00008fb2   Data           2  buffer.o(.constdata)
    Catw                                     0x00008fb4   Data           2  buffer.o(.constdata)
    Cat                                      0x00008fb6   Data         825  buffer.o(.constdata)
    Monsterh                                 0x000092f0   Data           2  buffer.o(.constdata)
    Monsterw                                 0x000092f2   Data           2  buffer.o(.constdata)
    Monster                                  0x000092f4   Data         406  buffer.o(.constdata)
    Dogniceh                                 0x0000948a   Data           2  buffer.o(.constdata)
    Dognicew                                 0x0000948c   Data           2  buffer.o(.constdata)
    Dognice                                  0x0000948e   Data        2226  buffer.o(.constdata)
    Dogdead                                  0x00009d40   Data        2226  buffer.o(.constdata)
    Dogh                                     0x0000a5f2   Data           2  buffer.o(.constdata)
    Dogw                                     0x0000a5f4   Data           2  buffer.o(.constdata)
    Dog                                      0x0000a5f6   Data        2646  buffer.o(.constdata)
    PBullh                                   0x0000b04c   Data           2  buffer.o(.constdata)
    PBullw                                   0x0000b04e   Data           2  buffer.o(.constdata)
    PBull                                    0x0000b050   Data          75  buffer.o(.constdata)
    DogBullh                                 0x0000b09c   Data           2  buffer.o(.constdata)
    DogBullw                                 0x0000b09e   Data           2  buffer.o(.constdata)
    DogBull                                  0x0000b0a0   Data         264  buffer.o(.constdata)
    Laser1d                                  0x0000b1a8   Data           2  buffer.o(.constdata)
    Laser1                                   0x0000b1aa   Data         100  buffer.o(.constdata)
    Laser2d                                  0x0000b20e   Data           2  buffer.o(.constdata)
    Laser2                                   0x0000b210   Data         324  buffer.o(.constdata)
    Laser3d                                  0x0000b354   Data           2  buffer.o(.constdata)
    Laser3                                   0x0000b356   Data         484  buffer.o(.constdata)
    LaserBeginh                              0x0000b53a   Data           2  buffer.o(.constdata)
    Laserw                                   0x0000b53c   Data           2  buffer.o(.constdata)
    Laserh                                   0x0000b53e   Data           2  buffer.o(.constdata)
    LaserBeginGreen                          0x0000b540   Data        1056  buffer.o(.constdata)
    LaserBegin                               0x0000b960   Data        1056  buffer.o(.constdata)
    Laser                                    0x0000bd80   Data         240  buffer.o(.constdata)
    Meowh                                    0x0000be70   Data           2  buffer.o(.constdata)
    Meoww                                    0x0000be72   Data           2  buffer.o(.constdata)
    Meow                                     0x0000be74   Data        1134  buffer.o(.constdata)
    Titleh                                   0x0000c2e2   Data           2  buffer.o(.constdata)
    Titlew                                   0x0000c2e4   Data           2  buffer.o(.constdata)
    TitleScrn                                0x0000c2e6   Data       13725  buffer.o(.constdata)
    GameOverh                                0x0000f884   Data           2  buffer.o(.constdata)
    GameOverw                                0x0000f886   Data           2  buffer.o(.constdata)
    GameOver                                 0x0000f888   Data        6764  buffer.o(.constdata)
    WinScrnh                                 0x000112f4   Data           2  buffer.o(.constdata)
    WinScrnw                                 0x000112f6   Data           2  buffer.o(.constdata)
    WinScrn                                  0x000112f8   Data        9090  buffer.o(.constdata)
    scoreLet                                 0x0001367a   Data         189  buffer.o(.constdata)
    zero                                     0x00013737   Data          28  buffer.o(.constdata)
    one                                      0x00013753   Data          28  buffer.o(.constdata)
    two                                      0x0001376f   Data          28  buffer.o(.constdata)
    three                                    0x0001378b   Data          28  buffer.o(.constdata)
    Starth                                   0x000137a8   Data           2  buffer.o(.constdata)
    Startw                                   0x000137aa   Data           2  buffer.o(.constdata)
    Start                                    0x000137ac   Data       23680  buffer.o(.constdata)
    Green                                    0x0001942c   Data        1600  buffer.o(.constdata)
    sky                                      0x00019a6c   Data       20480  buffer.o(.constdata)
    Region$$Table$$Base                      0x0001ea6c   Number         0  anon$$obj.o(Region$$Table)
    Region$$Table$$Limit                     0x0001ea8c   Number         0  anon$$obj.o(Region$$Table)
    StX                                      0x20000000   Data           4  st7735.o(.data)
    StY                                      0x20000004   Data           4  st7735.o(.data)
    StTextColor                              0x20000008   Data           2  st7735.o(.data)
    lastj                                    0x20000010   Data           4  st7735.o(.data)
    Messageindex                             0x20000018   Data           4  st7735.o(.data)
    Ymax                                     0x2000001c   Data           4  st7735.o(.data)
    Ymin                                     0x20000020   Data           4  st7735.o(.data)
    X                                        0x20000024   Data           4  st7735.o(.data)
    Yrange                                   0x20000028   Data           4  st7735.o(.data)
    specialCD                                0x2000002c   Data           4  switch.o(.data)
    repeat                                   0x20000040   Data           1  timer0.o(.data)
    killct                                   0x20000044   Data           1  airkatz.o(.data)
    score                                    0x20000045   Data           1  airkatz.o(.data)
    ATKmode                                  0x20000047   Data           1  airkatz.o(.data)
    ATKtime                                  0x20000048   Data           2  airkatz.o(.data)
    ATKone                                   0x2000004a   Data           1  airkatz.o(.data)
    ATKtwo                                   0x2000004b   Data           1  airkatz.o(.data)
    PBullIdx                                 0x2000004c   Data           1  airkatz.o(.data)
    waitShoot                                0x2000004d   Data           1  airkatz.o(.data)
    data                                     0x20000050   Data           8  airkatz.o(.data)
    sysPrev                                  0x20000058   Data           4  airkatz.o(.data)
    Stage                                    0x2000005c   Data           1  buffer.o(.data)
    Player                                   0x20000064   Data          24  buffer.o(.bss)
    DogBoss                                  0x2000007c   Data          24  buffer.o(.bss)
    Enemy                                    0x20000094   Data         432  buffer.o(.bss)
    PBullet                                  0x20000244   Data         960  buffer.o(.bss)
    EBullet                                  0x20000604   Data         480  buffer.o(.bss)
    Menu1                                    0x200007e4   Data          24  buffer.o(.bss)
    Menu2                                    0x200007fc   Data          24  buffer.o(.bss)
    Title1                                   0x20000814   Data          24  buffer.o(.bss)
    Title2                                   0x2000082c   Data          24  buffer.o(.bss)
    TitleTxt                                 0x20000844   Data          24  buffer.o(.bss)
    buffer                                   0x2000085c   Data       20480  buffer.o(.bss)
    __libspace_start                         0x2000585c   Data          96  libspace.o(.bss)
    __temporary_stack_top$libspace           0x200058bc   Data           0  libspace.o(.bss)



==============================================================================

Memory Map of the image

  Image Entry point : 0x0000026d

  Load Region LR_1 (Base: 0x00000000, Size: 0x0001eaf0, Max: 0xffffffff, ABSOLUTE)

    Execution Region ER_RO (Base: 0x00000000, Size: 0x0001ea8c, Max: 0xffffffff, ABSOLUTE)

    Base Addr    Size         Type   Attr      Idx    E Section Name        Object

    0x00000000   0x00000284   Code   RO            3  * RESET               startup.o
    0x00000284   0x00000008   Code   RO          673  * !!!main             c_w.l(__main.o)
    0x0000028c   0x00000034   Code   RO          827    !!!scatter          c_w.l(__scatter.o)
    0x000002c0   0x0000001a   Code   RO          829    !!handler_copy      c_w.l(__scatter_copy.o)
    0x000002da   0x00000002   PAD
    0x000002dc   0x0000001c   Code   RO          831    !!handler_zi        c_w.l(__scatter_zi.o)
    0x000002f8   0x00000002   Code   RO          700    .ARM.Collect$$libinit$$00000000  c_w.l(libinit.o)
    0x000002fa   0x00000000   Code   RO          707    .ARM.Collect$$libinit$$00000002  c_w.l(libinit2.o)
    0x000002fa   0x00000000   Code   RO          710    .ARM.Collect$$libinit$$00000008  c_w.l(libinit2.o)
    0x000002fa   0x00000000   Code   RO          712    .ARM.Collect$$libinit$$0000000A  c_w.l(libinit2.o)
    0x000002fa   0x00000000   Code   RO          714    .ARM.Collect$$libinit$$0000000C  c_w.l(libinit2.o)
    0x000002fa   0x00000000   Code   RO          717    .ARM.Collect$$libinit$$0000000F  c_w.l(libinit2.o)
    0x000002fa   0x00000000   Code   RO          719    .ARM.Collect$$libinit$$00000011  c_w.l(libinit2.o)
    0x000002fa   0x00000000   Code   RO          721    .ARM.Collect$$libinit$$00000013  c_w.l(libinit2.o)
    0x000002fa   0x00000000   Code   RO          723    .ARM.Collect$$libinit$$00000015  c_w.l(libinit2.o)
    0x000002fa   0x00000000   Code   RO          725    .ARM.Collect$$libinit$$00000017  c_w.l(libinit2.o)
    0x000002fa   0x00000000   Code   RO          727    .ARM.Collect$$libinit$$00000019  c_w.l(libinit2.o)
    0x000002fa   0x00000000   Code   RO          729    .ARM.Collect$$libinit$$0000001B  c_w.l(libinit2.o)
    0x000002fa   0x00000000   Code   RO          731    .ARM.Collect$$libinit$$0000001D  c_w.l(libinit2.o)
    0x000002fa   0x00000000   Code   RO          733    .ARM.Collect$$libinit$$0000001F  c_w.l(libinit2.o)
    0x000002fa   0x00000000   Code   RO          735    .ARM.Collect$$libinit$$00000021  c_w.l(libinit2.o)
    0x000002fa   0x00000000   Code   RO          737    .ARM.Collect$$libinit$$00000023  c_w.l(libinit2.o)
    0x000002fa   0x00000000   Code   RO          741    .ARM.Collect$$libinit$$0000002A  c_w.l(libinit2.o)
    0x000002fa   0x00000000   Code   RO          743    .ARM.Collect$$libinit$$0000002C  c_w.l(libinit2.o)
    0x000002fa   0x00000000   Code   RO          745    .ARM.Collect$$libinit$$0000002E  c_w.l(libinit2.o)
    0x000002fa   0x00000000   Code   RO          747    .ARM.Collect$$libinit$$00000030  c_w.l(libinit2.o)
    0x000002fa   0x00000002   Code   RO          748    .ARM.Collect$$libinit$$00000031  c_w.l(libinit2.o)
    0x000002fc   0x00000002   Code   RO          768    .ARM.Collect$$libshutdown$$00000000  c_w.l(libshutdown.o)
    0x000002fe   0x00000000   Code   RO          782    .ARM.Collect$$libshutdown$$00000003  c_w.l(libshutdown2.o)
    0x000002fe   0x00000000   Code   RO          785    .ARM.Collect$$libshutdown$$00000006  c_w.l(libshutdown2.o)
    0x000002fe   0x00000000   Code   RO          788    .ARM.Collect$$libshutdown$$00000009  c_w.l(libshutdown2.o)
    0x000002fe   0x00000000   Code   RO          790    .ARM.Collect$$libshutdown$$0000000B  c_w.l(libshutdown2.o)
    0x000002fe   0x00000000   Code   RO          793    .ARM.Collect$$libshutdown$$0000000E  c_w.l(libshutdown2.o)
    0x000002fe   0x00000002   Code   RO          794    .ARM.Collect$$libshutdown$$0000000F  c_w.l(libshutdown2.o)
    0x00000300   0x00000000   Code   RO          675    .ARM.Collect$$rtentry$$00000000  c_w.l(rtentry.o)
    0x00000300   0x00000000   Code   RO          677    .ARM.Collect$$rtentry$$00000002  c_w.l(rtentry2.o)
    0x00000300   0x00000006   Code   RO          689    .ARM.Collect$$rtentry$$00000004  c_w.l(rtentry4.o)
    0x00000306   0x00000000   Code   RO          679    .ARM.Collect$$rtentry$$00000009  c_w.l(rtentry2.o)
    0x00000306   0x00000004   Code   RO          680    .ARM.Collect$$rtentry$$0000000A  c_w.l(rtentry2.o)
    0x0000030a   0x00000000   Code   RO          682    .ARM.Collect$$rtentry$$0000000C  c_w.l(rtentry2.o)
    0x0000030a   0x00000008   Code   RO          683    .ARM.Collect$$rtentry$$0000000D  c_w.l(rtentry2.o)
    0x00000312   0x00000002   Code   RO          704    .ARM.Collect$$rtexit$$00000000  c_w.l(rtexit.o)
    0x00000314   0x00000000   Code   RO          750    .ARM.Collect$$rtexit$$00000002  c_w.l(rtexit2.o)
    0x00000314   0x00000004   Code   RO          751    .ARM.Collect$$rtexit$$00000003  c_w.l(rtexit2.o)
    0x00000318   0x00000006   Code   RO          752    .ARM.Collect$$rtexit$$00000004  c_w.l(rtexit2.o)
    0x0000031e   0x00000002   PAD
    0x00000320   0x00000030   Code   RO            4    .text               startup.o
    0x00000350   0x00000054   Code   RO          398    .text               lcd.o
    0x000003a4   0x00000040   Code   RO          640    .text               random.o
    0x000003e4   0x00000064   Code   RO          669    .text               c_w.l(rt_memcpy_w.o)
    0x00000448   0x00000006   Code   RO          671    .text               c_w.l(heapauxi.o)
    0x0000044e   0x0000004a   Code   RO          691    .text               c_w.l(sys_stackheap_outer.o)
    0x00000498   0x0000000c   Code   RO          693    .text               c_w.l(exit.o)
    0x000004a4   0x00000008   Code   RO          701    .text               c_w.l(libspace.o)
    0x000004ac   0x0000000c   Code   RO          760    .text               c_w.l(sys_exit.o)
    0x000004b8   0x00000002   Code   RO          771    .text               c_w.l(use_no_semi.o)
    0x000004ba   0x00000000   Code   RO          773    .text               c_w.l(indicate_semi.o)
    0x000004ba   0x00000002   PAD
    0x000004bc   0x00000038   Code   RO           12    i.ADC_In56          adc.o
    0x000004f4   0x000000f8   Code   RO           13    i.ADC_Init56        adc.o
    0x000005ec   0x00000110   Code   RO          513    i.Buffer_BG         buffer.o
    0x000006fc   0x00000190   Code   RO          514    i.Buffer_Draw       buffer.o
    0x0000088c   0x00000130   Code   RO          515    i.Buffer_Menu       buffer.o
    0x000009bc   0x00000048   Code   RO          516    i.Buffer_Update     buffer.o
    0x00000a04   0x00000022   Code   RO          517    i.Buffer_UpdateMenu  buffer.o
    0x00000a26   0x00000002   PAD
    0x00000a28   0x00000054   Code   RO           37    i.DAC_Init          dac.o
    0x00000a7c   0x00000010   Code   RO           38    i.DAC_Out           dac.o
    0x00000a8c   0x00000024   Code   RO          404    i.Delay10ms         switch.o
    0x00000ab0   0x00000020   Code   RO          126    i.Delay1ms          st7735.o
    0x00000ad0   0x00000594   Code   RO          405    i.GPIOPortE_Handler  switch.o
    0x00001064   0x000003c6   Code   RO          518    i.Game_CheckHit     buffer.o
    0x0000142a   0x00000024   Code   RO          519    i.Game_CreateBoss   buffer.o
    0x0000144e   0x00000002   PAD
    0x00001450   0x00000034   Code   RO          520    i.Game_CreateEBullets  buffer.o
    0x00001484   0x00000240   Code   RO          521    i.Game_CreateEnemy  buffer.o
    0x000016c4   0x0000006c   Code   RO          522    i.Game_CreatePBullets  buffer.o
    0x00001730   0x0000002c   Code   RO          523    i.Game_CreatePlayer  buffer.o
    0x0000175c   0x00000014   Code   RO          524    i.Game_DogBossCharge  buffer.o
    0x00001770   0x00000014   Code   RO          525    i.Game_DogBossChill  buffer.o
    0x00001784   0x00000018   Code   RO          526    i.Game_DogBossDead  buffer.o
    0x0000179c   0x00000038   Code   RO          527    i.Game_DogBossInit  buffer.o
    0x000017d4   0x0000013c   Code   RO          528    i.Game_Init         buffer.o
    0x00001910   0x00000020   Code   RO          529    i.Game_Lose         buffer.o
    0x00001930   0x00000090   Code   RO          530    i.Game_Win          buffer.o
    0x000019c0   0x0000007c   Code   RO           55    i.PLL_Init          pll.o
    0x00001a3c   0x00000050   Code   RO          470    i.PortF_Init        airkatz.o
    0x00001a8c   0x00000040   Code   RO          133    i.ST7735_Convert    st7735.o
    0x00001acc   0x0000012c   Code   RO          134    i.ST7735_DrawBitmap  st7735.o
    0x00001bf8   0x000000ac   Code   RO          141    i.ST7735_FillRect   st7735.o
    0x00001ca4   0x00000024   Code   RO          142    i.ST7735_FillScreen  st7735.o
    0x00001cc8   0x0000007c   Code   RO          144    i.ST7735_InitR      st7735.o
    0x00001d44   0x00000020   Code   RO          157    i.ST7735_SetCursor  st7735.o
    0x00001d64   0x00000014   Code   RO           70    i.Sound_Damage      sound.o
    0x00001d78   0x00000014   Code   RO           71    i.Sound_Death       sound.o
    0x00001d8c   0x00000010   Code   RO           72    i.Sound_Init        sound.o
    0x00001d9c   0x00000014   Code   RO           73    i.Sound_Laser       sound.o
    0x00001db0   0x00000014   Code   RO           74    i.Sound_Shoot       sound.o
    0x00001dc4   0x00000014   Code   RO           75    i.Sound_Win         sound.o
    0x00001dd8   0x000000e0   Code   RO          531    i.Start_Init        buffer.o
    0x00001eb8   0x000000cc   Code   RO          406    i.Switch_Init       switch.o
    0x00001f84   0x00000bf4   Code   RO          471    i.SysTick_Handler   airkatz.o
    0x00002b78   0x00000038   Code   RO          472    i.SysTick_Init      airkatz.o
    0x00002bb0   0x00000064   Code   RO          442    i.Timer0A_Handler   timer0.o
    0x00002c14   0x00000054   Code   RO          443    i.Timer0A_SetSound  timer0.o
    0x00002c68   0x00000060   Code   RO          444    i.Timer0_Init       timer0.o
    0x00002cc8   0x0000000c   Code   RO          643    i.UART1_Handler     uart.o
    0x00002cd4   0x00000114   Code   RO          644    i.UART_Init         uart.o
    0x00002de8   0x00000018   Code   RO          645    i.UART_OutChar      uart.o
    0x00002e00   0x00000056   Code   RO          161    i.commandList       st7735.o
    0x00002e56   0x00000002   PAD
    0x00002e58   0x00000184   Code   RO          162    i.commonInit        st7735.o
    0x00002fdc   0x00000390   Code   RO          473    i.main              airkatz.o
    0x0000336c   0x00000074   Code   RO          168    i.setAddrWindow     st7735.o
    0x000033e0   0x000053f0   Data   RO           76    .constdata          sound.o
    0x000087d0   0x000007e2   Data   RO          170    .constdata          st7735.o
    0x00008fb2   0x00015aba   Data   RO          533    .constdata          buffer.o
    0x0001ea6c   0x00000020   Data   RO          825    Region$$Table       anon$$obj.o


    Execution Region ER_RW (Base: 0x20000000, Size: 0x00000064, Max: 0xffffffff, ABSOLUTE)

    Base Addr    Size         Type   Attr      Idx    E Section Name        Object

    0x20000000   0x0000002c   Data   RW          171    .data               st7735.o
    0x2000002c   0x00000004   Data   RW          407    .data               switch.o
    0x20000030   0x00000011   Data   RW          445    .data               timer0.o
    0x20000041   0x00000003   PAD
    0x20000044   0x00000018   Data   RW          474    .data               airkatz.o
    0x2000005c   0x00000001   Data   RW          534    .data               buffer.o
    0x2000005d   0x00000003   PAD
    0x20000060   0x00000004   Data   RW          639    DATA                random.o


    Execution Region ER_ZI (Base: 0x20000064, Size: 0x00005c5c, Max: 0xffffffff, ABSOLUTE)

    Base Addr    Size         Type   Attr      Idx    E Section Name        Object

    0x20000064   0x000057f8   Zero   RW          532    .bss                buffer.o
    0x2000585c   0x00000060   Zero   RW          702    .bss                c_w.l(libspace.o)
    0x200058bc   0x00000004   PAD
    0x200058c0   0x00000000   Zero   RW            2    HEAP                startup.o
    0x200058c0   0x00000400   Zero   RW            1    STACK               startup.o


==============================================================================

Image component sizes


      Code (inc. data)   RO Data    RW Data    ZI Data      Debug   Object Name

       304         32          0          0          0       5392   adc.o
      4108        240          0         24          0       4794   airkatz.o
      3700        174      88762          1      22520      14023   buffer.o
       100         20          0          0          0       1045   dac.o
        84         14          0          0          0        208   lcd.o
       124          6          0          0          0        419   pll.o
        64         14          0          4          0        204   random.o
       116         30      21488          0          0       2669   sound.o
      1350        128       2018         44          0       9481   st7735.o
       692        632          0          0       1024        908   startup.o
      1668        152          0          4          0       3865   switch.o
       280         78          0         17          0       1916   timer0.o
       312         42          0          0          0       1563   uart.o

    ----------------------------------------------------------------------
     12908       1562     112300        100      23544      46487   Object Totals
         0          0         32          0          0          0   (incl. Generated)
         6          0          0          6          0          0   (incl. Padding)

    ----------------------------------------------------------------------

      Code (inc. data)   RO Data    RW Data    ZI Data      Debug   Library Member Name

         8          0          0          0          0         68   __main.o
        52          8          0          0          0          0   __scatter.o
        26          0          0          0          0          0   __scatter_copy.o
        28          0          0          0          0          0   __scatter_zi.o
        12          0          0          0          0         72   exit.o
         6          0          0          0          0        152   heapauxi.o
         0          0          0          0          0          0   indicate_semi.o
         2          0          0          0          0          0   libinit.o
         2          0          0          0          0          0   libinit2.o
         2          0          0          0          0          0   libshutdown.o
         2          0          0          0          0          0   libshutdown2.o
         8          4          0          0         96         68   libspace.o
       100          0          0          0          0         80   rt_memcpy_w.o
         0          0          0          0          0          0   rtentry.o
        12          0          0          0          0          0   rtentry2.o
         6          0          0          0          0          0   rtentry4.o
         2          0          0          0          0          0   rtexit.o
        10          0          0          0          0          0   rtexit2.o
        12          4          0          0          0         68   sys_exit.o
        74          0          0          0          0         80   sys_stackheap_outer.o
         2          0          0          0          0         68   use_no_semi.o

    ----------------------------------------------------------------------
       372         16          0          0        100        656   Library Totals
         6          0          0          0          4          0   (incl. Padding)

    ----------------------------------------------------------------------

      Code (inc. data)   RO Data    RW Data    ZI Data      Debug   Library Name

       366         16          0          0         96        656   c_w.l

    ----------------------------------------------------------------------
       372         16          0          0        100        656   Library Totals

    ----------------------------------------------------------------------

==============================================================================


      Code (inc. data)   RO Data    RW Data    ZI Data      Debug   

     13280       1578     112300        100      23644      44179   Grand Totals
     13280       1578     112300        100      23644      44179   ELF Image Totals
     13280       1578     112300        100          0          0   ROM Totals

==============================================================================

    Total RO  Size (Code + RO Data)               125580 ( 122.64kB)
    Total RW  Size (RW Data + ZI Data)             23744 (  23.19kB)
    Total ROM Size (Code + RO Data + RW Data)     125680 ( 122.73kB)

==============================================================================

